Archive member included to satisfy reference by file (symbol)

.\CortexM3\ARM_GCC_541\Debug\FirstLab.a(Pin_D1.o)
                              .\CortexM3\ARM_GCC_541\Debug\lighter.o (Pin_D1_Write)
.\CortexM3\ARM_GCC_541\Debug\FirstLab.a(Pin_D2.o)
                              .\CortexM3\ARM_GCC_541\Debug\lighter.o (Pin_D2_Write)
.\CortexM3\ARM_GCC_541\Debug\FirstLab.a(Pin_D3.o)
                              .\CortexM3\ARM_GCC_541\Debug\lighter.o (Pin_D3_Write)
.\CortexM3\ARM_GCC_541\Debug\FirstLab.a(Pin_D4.o)
                              .\CortexM3\ARM_GCC_541\Debug\lighter.o (Pin_D4_Write)
.\CortexM3\ARM_GCC_541\Debug\FirstLab.a(Pin_SW1.o)
                              .\CortexM3\ARM_GCC_541\Debug\main.o (Pin_SW1_Read)
.\CortexM3\ARM_GCC_541\Debug\FirstLab.a(Pin_SW2.o)
                              .\CortexM3\ARM_GCC_541\Debug\main.o (Pin_SW2_Read)
.\CortexM3\ARM_GCC_541\Debug\FirstLab.a(Pin_SW3.o)
                              .\CortexM3\ARM_GCC_541\Debug\main.o (Pin_SW3_Read)
.\CortexM3\ARM_GCC_541\Debug\FirstLab.a(Pin_SW4.o)
                              .\CortexM3\ARM_GCC_541\Debug\main.o (Pin_SW4_Read)
.\CortexM3\ARM_GCC_541\Debug\FirstLab.a(CyLib.o)
                              .\CortexM3\ARM_GCC_541\Debug\Cm3Start.o (CyHalt)
.\CortexM3\ARM_GCC_541\Debug\FirstLab.a(cyPm.o)
                              .\CortexM3\ARM_GCC_541\Debug\FirstLab.a(CyLib.o) (CyPmReadStatus)
.\CortexM3\ARM_GCC_541\Debug\FirstLab.a(LCD_Screen.o)
                              .\CortexM3\ARM_GCC_541\Debug\main.o (LCD_Screen_PrintString)
.\CortexM3\ARM_GCC_541\Debug\FirstLab.a(COL1.o)
                              .\CortexM3\ARM_GCC_541\Debug\keypad.o (COL1_Write)
.\CortexM3\ARM_GCC_541\Debug\FirstLab.a(COL2.o)
                              .\CortexM3\ARM_GCC_541\Debug\keypad.o (COL2_Write)
.\CortexM3\ARM_GCC_541\Debug\FirstLab.a(COL3.o)
                              .\CortexM3\ARM_GCC_541\Debug\keypad.o (COL3_Write)
.\CortexM3\ARM_GCC_541\Debug\FirstLab.a(ROW1.o)
                              .\CortexM3\ARM_GCC_541\Debug\keypad.o (ROW1_Read)
.\CortexM3\ARM_GCC_541\Debug\FirstLab.a(ROW3.o)
                              .\CortexM3\ARM_GCC_541\Debug\keypad.o (ROW3_Read)
.\CortexM3\ARM_GCC_541\Debug\FirstLab.a(ROW2.o)
                              .\CortexM3\ARM_GCC_541\Debug\keypad.o (ROW2_Read)
.\CortexM3\ARM_GCC_541\Debug\FirstLab.a(ROW0.o)
                              .\CortexM3\ARM_GCC_541\Debug\keypad.o (ROW0_Read)
.\CortexM3\ARM_GCC_541\Debug\FirstLab.a(ADC_DelSig.o)
                              .\CortexM3\ARM_GCC_541\Debug\main.o (ADC_DelSig_Start)
.\CortexM3\ARM_GCC_541\Debug\FirstLab.a(ADC_DelSig_INT.o)
                              .\CortexM3\ARM_GCC_541\Debug\FirstLab.a(ADC_DelSig.o) (ADC_DelSig_ISR1)
.\CortexM3\ARM_GCC_541\Debug\FirstLab.a(ADC_DelSig_AMux.o)
                              .\CortexM3\ARM_GCC_541\Debug\FirstLab.a(ADC_DelSig.o) (ADC_DelSig_AMux_Select)
.\CortexM3\ARM_GCC_541\Debug\FirstLab.a(ADC_DelSig_Ext_CP_Clk.o)
                              .\CortexM3\ARM_GCC_541\Debug\FirstLab.a(ADC_DelSig.o) (ADC_DelSig_Ext_CP_Clk_SetModeRegister)
.\CortexM3\ARM_GCC_541\Debug\FirstLab.a(ADC_DelSig_theACLK.o)
                              .\CortexM3\ARM_GCC_541\Debug\FirstLab.a(ADC_DelSig.o) (ADC_DelSig_theACLK_SetModeRegister)
.\CortexM3\ARM_GCC_541\Debug\FirstLab.a(AMux.o)
                              .\CortexM3\ARM_GCC_541\Debug\lightsensor.o (AMux_FastSelect)
.\CortexM3\ARM_GCC_541\Debug\FirstLab.a(Timer.o)
                              .\CortexM3\ARM_GCC_541\Debug\soundhandler.o (Timer_ReadStatusRegister)
.\CortexM3\ARM_GCC_541\Debug\FirstLab.a(VDAC.o)
                              .\CortexM3\ARM_GCC_541\Debug\soundhandler.o (VDAC_SetValue)
.\CortexM3\ARM_GCC_541\Debug\FirstLab.a(UART.o)
                              .\CortexM3\ARM_GCC_541\Debug\main.o (UART_Start)
.\CortexM3\ARM_GCC_541\Debug\FirstLab.a(UART_IntClock.o)
                              .\CortexM3\ARM_GCC_541\Debug\FirstLab.a(UART.o) (UART_IntClock_Start)
.\CortexM3\ARM_GCC_541\Debug\FirstLab.a(PWM_1.o)
                              .\CortexM3\ARM_GCC_541\Debug\semaphores.o (PWM_1_WriteCompare)
.\CortexM3\ARM_GCC_541\Debug\FirstLab.a(PWM_2.o)
                              .\CortexM3\ARM_GCC_541\Debug\semaphores.o (PWM_2_WriteCompare)
.\CortexM3\ARM_GCC_541\Debug\FirstLab.a(Rx_Int.o)
                              .\CortexM3\ARM_GCC_541\Debug\main.o (Rx_Int_StartEx)
.\CortexM3\ARM_GCC_541\Debug\FirstLab.a(CyBootAsmGnu.o)
                              .\CortexM3\ARM_GCC_541\Debug\cyfitter_cfg.o (CyDelayCycles)
.\CortexM3\ARM_GCC_541\Debug\FirstLab.a(CyFlash.o)
                              .\CortexM3\ARM_GCC_541\Debug\FirstLab.a(cyPm.o) (CyFlash_SetWaitCycles)
.\CortexM3\ARM_GCC_541\Debug\FirstLab.a(CySpc.o)
                              .\CortexM3\ARM_GCC_541\Debug\FirstLab.a(CyFlash.o) (CySpcStart)
[...]
Memory Configuration

Name             Origin             Length             Attributes
rom              0x00000000         0x00040000         xr
ram              0x1fff8000         0x00010000         xrw
*default*        0x00000000         0xffffffff

Linker script and memory map

LOAD c:/program files (x86)/cypress/psoc creator/4.3/psoc creator/import/gnu/arm/5.4.1/bin/../lib/gcc/arm-none-eabi/5.4.1/armv7-m/crti.o
LOAD c:/program files (x86)/cypress/psoc creator/4.3/psoc creator/import/gnu/arm/5.4.1/bin/../lib/gcc/arm-none-eabi/5.4.1/armv7-m/crtbegin.o
LOAD c:/program files (x86)/cypress/psoc creator/4.3/psoc creator/import/gnu/arm/5.4.1/bin/../lib/gcc/arm-none-eabi/5.4.1/../../../../arm-none-eabi/lib/armv7-m/crt0.o
START GROUP
LOAD .\CortexM3\ARM_GCC_541\Debug\main.o
LOAD .\CortexM3\ARM_GCC_541\Debug\keypad.o
LOAD .\CortexM3\ARM_GCC_541\Debug\printer.o
LOAD .\CortexM3\ARM_GCC_541\Debug\lighter.o
LOAD .\CortexM3\ARM_GCC_541\Debug\morse.o
LOAD .\CortexM3\ARM_GCC_541\Debug\translator.o
LOAD .\CortexM3\ARM_GCC_541\Debug\lightsensor.o
LOAD .\CortexM3\ARM_GCC_541\Debug\soundhandler.o
LOAD .\CortexM3\ARM_GCC_541\Debug\semaphores.o
LOAD .\CortexM3\ARM_GCC_541\Debug\cyfitter_cfg.o
LOAD .\CortexM3\ARM_GCC_541\Debug\cymetadata.o
LOAD .\CortexM3\ARM_GCC_541\Debug\Cm3Start.o
LOAD .\CortexM3\ARM_GCC_541\Debug\FirstLab.a
LOAD C:\Program Files (x86)\Cypress\PSoC Creator\4.3\PSoC Creator\psoc\content\cycomponentlibrary\CyComponentLibrary.cylib\CortexM3\ARM_GCC_541\Debug\CyComponentLibrary.a
LOAD c:/program files (x86)/cypress/psoc creator/4.3/psoc creator/import/gnu/arm/5.4.1/bin/../lib/gcc/arm-none-eabi/5.4.1/../../../../arm-none-eabi/lib/armv7-m\libm.a
END GROUP
START GROUP
LOAD c:/program files (x86)/cypress/psoc creator/4.3/psoc creator/import/gnu/arm/5.4.1/bin/../lib/gcc/arm-none-eabi/5.4.1/armv7-m\libgcc.a
LOAD c:/program files (x86)/cypress/psoc creator/4.3/psoc creator/import/gnu/arm/5.4.1/bin/../lib/gcc/arm-none-eabi/5.4.1/../../../../arm-none-eabi/lib/armv7-m\libg_nano.a
LOAD c:/program files (x86)/cypress/psoc creator/4.3/psoc creator/import/gnu/arm/5.4.1/bin/../lib/gcc/arm-none-eabi/5.4.1/../../../../arm-none-eabi/lib/armv7-m\libc_nano.a
END GROUP
START GROUP
LOAD c:/program files (x86)/cypress/psoc creator/4.3/psoc creator/import/gnu/arm/5.4.1/bin/../lib/gcc/arm-none-eabi/5.4.1/armv7-m\libgcc.a
LOAD c:/program files (x86)/cypress/psoc creator/4.3/psoc creator/import/gnu/arm/5.4.1/bin/../lib/gcc/arm-none-eabi/5.4.1/../../../../arm-none-eabi/lib/armv7-m\libc_nano.a
END GROUP
LOAD c:/program files (x86)/cypress/psoc creator/4.3/psoc creator/import/gnu/arm/5.4.1/bin/../lib/gcc/arm-none-eabi/5.4.1/armv7-m/crtend.o
LOAD c:/program files (x86)/cypress/psoc creator/4.3/psoc creator/import/gnu/arm/5.4.1/bin/../lib/gcc/arm-none-eabi/5.4.1/armv7-m/crtn.o
START GROUP
LOAD c:/program files (x86)/cypress/psoc creator/4.3/psoc creator/import/gnu/arm/5.4.1/bin/../lib/gcc/arm-none-eabi/5.4.1/armv7-m\libgcc.a
LOAD c:/program files (x86)/cypress/psoc creator/4.3/psoc creator/import/gnu/arm/5.4.1/bin/../lib/gcc/arm-none-eabi/5.4.1/../../../../arm-none-eabi/lib/armv7-m\libc.a
LOAD c:/program files (x86)/cypress/psoc creator/4.3/psoc creator/import/gnu/arm/5.4.1/bin/../lib/gcc/arm-none-eabi/5.4.1/../../../../arm-none-eabi/lib/armv7-m\libnosys.a
END GROUP
                0x00000000                CY_APPL_ORIGIN = 0x0
                0x00000100                CY_FLASH_ROW_SIZE = 0x100
                0x00000020                CY_ECC_ROW_SIZE = 0x20
                0x00000000                CY_EE_IN_BTLDR = 0x0
                0x00000000                CY_APPL_LOADABLE = 0x0
                0x00000800                CY_EE_SIZE = 0x800
                0x00000001                CY_APPL_NUM = 0x1
                0x00000001                CY_APPL_MAX = 0x1
                0x00000040                CY_METADATA_SIZE = 0x40
                0x00000000                CY_APPL_LOADABLE = 0x0
                0x00000000                CY_CHECKSUM_EXCLUDE_SIZE = ALIGN (0x0, CY_FLASH_ROW_SIZE)
                [!provide]                PROVIDE (__cy_heap_start, _end)
                0x00000001                PROVIDE (__cy_region_num, ((__cy_regions_end - __cy_regions) / 0x10))
                0x20008000                PROVIDE (__cy_stack, (ORIGIN (ram) + LENGTH (ram)))
                [!provide]                PROVIDE (__cy_heap_end, (__cy_stack - 0x800))

.cybootloader   0x00000000        0x0
 *(.cybootloader)
                0x00000000                appl1_start = CY_APPL_ORIGIN?CY_APPL_ORIGIN:ALIGN (CY_FLASH_ROW_SIZE)
                0x0001ff00                appl2_start = (appl1_start + ALIGN ((((LENGTH (rom) - appl1_start) - (0x2 * CY_FLASH_ROW_SIZE)) / 0x2), CY_FLASH_ROW_SIZE))
                0x00000000                appl_start = (CY_APPL_NUM == 0x1)?appl1_start:appl2_start
                0x00000000                ecc_offset = ((appl_start / CY_FLASH_ROW_SIZE) * CY_ECC_ROW_SIZE)
                0x00000000                ee_offset = (CY_APPL_LOADABLE && ! (CY_EE_IN_BTLDR))?((CY_EE_SIZE / CY_APPL_MAX) * (CY_APPL_NUM - 0x1)):0x0
                0x00000800                ee_size = (CY_APPL_LOADABLE && ! (CY_EE_IN_BTLDR))?(CY_EE_SIZE / CY_APPL_MAX):CY_EE_SIZE
                [!provide]                PROVIDE (CY_ECC_OFFSET, ecc_offset)

.text           0x00000000     0x3c94
 CREATE_OBJECT_SYMBOLS
                0x00000000                PROVIDE (__cy_interrupt_vector, RomVectors)
 *(.romvectors)
 .romvectors    0x00000000       0x10 .\CortexM3\ARM_GCC_541\Debug\Cm3Start.o
                0x00000000                RomVectors
                0x00000001                ASSERT ((. != __cy_interrupt_vector), No interrupt vector)
                0x00000001                ASSERT (CY_APPL_ORIGIN?(SIZEOF (.cybootloader) <= CY_APPL_ORIGIN):0x1, Wrong image location)
                0x00000010                PROVIDE (__cy_reset, Reset)
 *(.text.Reset)
 .text.Reset    0x00000010       0x18 .\CortexM3\ARM_GCC_541\Debug\Cm3Start.o
                0x00000010                Reset
                0x00000001                ASSERT ((. != __cy_reset), No reset code)
 *(.dma_init)
                0x00000001                ASSERT ((((appl_start + .) <= 0x10000) || 0x1), DMA Init must be within the first 64k of flash)
 *(.text .text.* .gnu.linkonce.t.*)
 .text          0x00000028       0x5c c:/program files (x86)/cypress/psoc creator/4.3/psoc creator/import/gnu/arm/5.4.1/bin/../lib/gcc/arm-none-eabi/5.4.1/armv7-m/crtbegin.o
 .text.Rx_Handler
                0x00000084       0x6c .\CortexM3\ARM_GCC_541\Debug\main.o
                0x00000084                Rx_Handler
 .text.main     0x000000f0      0x100 .\CortexM3\ARM_GCC_541\Debug\main.o
                0x000000f0                main
 .text.keypadInit
                0x000001f0       0x18 .\CortexM3\ARM_GCC_541\Debug\keypad.o
                0x000001f0                keypadInit
 .text.keypadScan
                0x00000208       0xfc .\CortexM3\ARM_GCC_541\Debug\keypad.o
                0x00000208                keypadScan
 .text.printChar
                0x00000304       0x20 .\CortexM3\ARM_GCC_541\Debug\printer.o
                0x00000304                printChar
 .text.staticPrint
                0x00000324       0x5c .\CortexM3\ARM_GCC_541\Debug\printer.o
                0x00000324                staticPrint
 .text.scrollingPrint
                0x00000380       0xe0 .\CortexM3\ARM_GCC_541\Debug\printer.o
                0x00000380                scrollingPrint
 .text.adequatePrint
                0x00000460       0x1c .\CortexM3\ARM_GCC_541\Debug\printer.o
                0x00000460                adequatePrint
 .text.toggleAllLights
                0x0000047c       0x34 .\CortexM3\ARM_GCC_541\Debug\lighter.o
                0x0000047c                toggleAllLights
 .text.emitSoundSignal
                0x000004b0       0x30 .\CortexM3\ARM_GCC_541\Debug\morse.o
                0x000004b0                emitSoundSignal
 .text.emitShortSoundSignal
                0x000004e0        0xc .\CortexM3\ARM_GCC_541\Debug\morse.o
                0x000004e0                emitShortSoundSignal
 .text.emitLongSoundSignal
                0x000004ec        0xc .\CortexM3\ARM_GCC_541\Debug\morse.o
                0x000004ec                emitLongSoundSignal
 .text.emitShortSignalWithBlinking
                0x000004f8       0x10 .\CortexM3\ARM_GCC_541\Debug\morse.o
                0x000004f8                emitShortSignalWithBlinking
 .text.emitLongSignalWithBlinking
                0x00000508       0x10 .\CortexM3\ARM_GCC_541\Debug\morse.o
                0x00000508                emitLongSignalWithBlinking
 .text.emitMorseMessage
                0x00000518      0x124 .\CortexM3\ARM_GCC_541\Debug\morse.o
                0x00000518                emitMorseMessage
 .text.sendMessage
                0x0000063c       0x48 .\CortexM3\ARM_GCC_541\Debug\morse.o
                0x0000063c                sendMessage
 .text.getPrerecordedMessage
                0x00000684       0x84 .\CortexM3\ARM_GCC_541\Debug\morse.o
                0x00000684                getPrerecordedMessage
 .text.charToMorse
                0x00000708      0x280 .\CortexM3\ARM_GCC_541\Debug\translator.o
                0x00000708                charToMorse
 .text.msgToMorse
                0x00000988       0x54 .\CortexM3\ARM_GCC_541\Debug\translator.o
                0x00000988                msgToMorse
 .text.isNight  0x000009dc       0x2c .\CortexM3\ARM_GCC_541\Debug\lightsensor.o
                0x000009dc                isNight
 .text.initVector
                0x00000a08       0x4c .\CortexM3\ARM_GCC_541\Debug\soundhandler.o
                0x00000a08                initVector
 .text.getTC    0x00000a54        0xc .\CortexM3\ARM_GCC_541\Debug\soundhandler.o
                0x00000a54                getTC
 .text.setVDACvalue
                0x00000a60       0x34 .\CortexM3\ARM_GCC_541\Debug\soundhandler.o
                0x00000a60                setVDACvalue
 .text.updateSemaphorePosition
                0x00000a94       0x40 .\CortexM3\ARM_GCC_541\Debug\semaphores.o
                0x00000a94                updateSemaphorePosition
 .text.verticalFlags
                0x00000ad4       0x14 .\CortexM3\ARM_GCC_541\Debug\semaphores.o
                0x00000ad4                verticalFlags
 .text.horizontalFlags
                0x00000ae8       0x14 .\CortexM3\ARM_GCC_541\Debug\semaphores.o
                0x00000ae8                horizontalFlags
 .text.flagsDown
                0x00000afc       0x14 .\CortexM3\ARM_GCC_541\Debug\semaphores.o
                0x00000afc                flagsDown
 .text.displayAttentionSemaphoreMessage
                0x00000b10       0x70 .\CortexM3\ARM_GCC_541\Debug\semaphores.o
                0x00000b10                displayAttentionSemaphoreMessage
 .text.displayMessageAsSemaphoreMorseCode
                0x00000b80       0x7c .\CortexM3\ARM_GCC_541\Debug\semaphores.o
                0x00000b80                displayMessageAsSemaphoreMorseCode
 .text.CyClockStartupError
                0x00000bfc        0x4 .\CortexM3\ARM_GCC_541\Debug\cyfitter_cfg.o
 .text.cfg_write_bytes32
                0x00000c00       0x34 .\CortexM3\ARM_GCC_541\Debug\cyfitter_cfg.o
 .text.AnalogSetDefault
                0x00000c34       0x38 .\CortexM3\ARM_GCC_541\Debug\cyfitter_cfg.o
 .text.CYMEMZERO
                0x00000c6c        0xc .\CortexM3\ARM_GCC_541\Debug\cyfitter_cfg.o
 .text.CYCONFIGCPY
                0x00000c78        0x8 .\CortexM3\ARM_GCC_541\Debug\cyfitter_cfg.o
 .text.ClockSetup
                0x00000c80      0x10c .\CortexM3\ARM_GCC_541\Debug\cyfitter_cfg.o
 .text.AMux_Set
                0x00000d8c       0x34 .\CortexM3\ARM_GCC_541\Debug\cyfitter_cfg.o
                0x00000d8c                AMux_Set
 .text.AMux_Unset
                0x00000dc0       0x38 .\CortexM3\ARM_GCC_541\Debug\cyfitter_cfg.o
                0x00000dc0                AMux_Unset
 .text.ADC_DelSig_AMux_Set
                0x00000df8       0x1c .\CortexM3\ARM_GCC_541\Debug\cyfitter_cfg.o
                0x00000df8                ADC_DelSig_AMux_Set
 .text.ADC_DelSig_AMux_Unset
                0x00000e14       0x20 .\CortexM3\ARM_GCC_541\Debug\cyfitter_cfg.o
                0x00000e14                ADC_DelSig_AMux_Unset
 .text.cyfitter_cfg
                0x00000e34      0x12c .\CortexM3\ARM_GCC_541\Debug\cyfitter_cfg.o
                0x00000e34                cyfitter_cfg
 .text.IntDefaultHandler
                0x00000f60       0x10 .\CortexM3\ARM_GCC_541\Debug\Cm3Start.o
                0x00000f60                IntDefaultHandler
 .text.Start_c  0x00000f70       0x4c .\CortexM3\ARM_GCC_541\Debug\Cm3Start.o
                0x00000f70                Start_c
 .text.initialize_psoc
                0x00000fbc       0x68 .\CortexM3\ARM_GCC_541\Debug\Cm3Start.o
                0x00000fbc                initialize_psoc
 .text.Pin_D1_Write
                0x00001024       0x18 .\CortexM3\ARM_GCC_541\Debug\FirstLab.a(Pin_D1.o)
                0x00001024                Pin_D1_Write
 .text.Pin_D1_Read
                0x0000103c       0x10 .\CortexM3\ARM_GCC_541\Debug\FirstLab.a(Pin_D1.o)
                0x0000103c                Pin_D1_Read
 .text.Pin_D2_Write
                0x0000104c       0x18 .\CortexM3\ARM_GCC_541\Debug\FirstLab.a(Pin_D2.o)
                0x0000104c                Pin_D2_Write
 .text.Pin_D2_Read
                0x00001064       0x10 .\CortexM3\ARM_GCC_541\Debug\FirstLab.a(Pin_D2.o)
                0x00001064                Pin_D2_Read
 .text.Pin_D3_Write
                0x00001074       0x18 .\CortexM3\ARM_GCC_541\Debug\FirstLab.a(Pin_D3.o)
                0x00001074                Pin_D3_Write
 .text.Pin_D3_Read
                0x0000108c       0x10 .\CortexM3\ARM_GCC_541\Debug\FirstLab.a(Pin_D3.o)
                0x0000108c                Pin_D3_Read
 .text.Pin_D4_Write
                0x0000109c       0x18 .\CortexM3\ARM_GCC_541\Debug\FirstLab.a(Pin_D4.o)
                0x0000109c                Pin_D4_Write
 .text.Pin_D4_Read
                0x000010b4       0x10 .\CortexM3\ARM_GCC_541\Debug\FirstLab.a(Pin_D4.o)
                0x000010b4                Pin_D4_Read
 .text.Pin_SW1_Read
                0x000010c4       0x10 .\CortexM3\ARM_GCC_541\Debug\FirstLab.a(Pin_SW1.o)
                0x000010c4                Pin_SW1_Read
 .text.Pin_SW2_Read
                0x000010d4       0x10 .\CortexM3\ARM_GCC_541\Debug\FirstLab.a(Pin_SW2.o)
                0x000010d4                Pin_SW2_Read
 .text.Pin_SW3_Read
                0x000010e4       0x10 .\CortexM3\ARM_GCC_541\Debug\FirstLab.a(Pin_SW3.o)
                0x000010e4                Pin_SW3_Read
 .text.Pin_SW4_Read
                0x000010f4       0x10 .\CortexM3\ARM_GCC_541\Debug\FirstLab.a(Pin_SW4.o)
                0x000010f4                Pin_SW4_Read
 .text.CyHalt   0x00001104        0x4 .\CortexM3\ARM_GCC_541\Debug\FirstLab.a(CyLib.o)
                0x00001104                CyHalt
 .text.CyDelay  0x00001108       0x2c .\CortexM3\ARM_GCC_541\Debug\FirstLab.a(CyLib.o)
                0x00001108                CyDelay
 .text.CyDelayUs
                0x00001134       0x14 .\CortexM3\ARM_GCC_541\Debug\FirstLab.a(CyLib.o)
                0x00001134                CyDelayUs
 .text.CyIntSetVector
                0x00001148       0x28 .\CortexM3\ARM_GCC_541\Debug\FirstLab.a(CyLib.o)
                0x00001148                CyIntSetVector
 .text.CyIntSetPriority
                0x00001170       0x30 .\CortexM3\ARM_GCC_541\Debug\FirstLab.a(CyLib.o)
                0x00001170                CyIntSetPriority
 .text.LCD_Screen_WrCntrlNib
                0x000011a0       0x34 .\CortexM3\ARM_GCC_541\Debug\FirstLab.a(LCD_Screen.o)
 .text.LCD_Screen_WrDatNib
                0x000011d4       0x44 .\CortexM3\ARM_GCC_541\Debug\FirstLab.a(LCD_Screen.o)
 .text.LCD_Screen_IsReady
                0x00001218       0xe4 .\CortexM3\ARM_GCC_541\Debug\FirstLab.a(LCD_Screen.o)
                0x00001218                LCD_Screen_IsReady
 .text.LCD_Screen_WriteData
                0x000012fc       0x18 .\CortexM3\ARM_GCC_541\Debug\FirstLab.a(LCD_Screen.o)
                0x000012fc                LCD_Screen_WriteData
 .text.LCD_Screen_PrintString
                0x00001314       0x1c .\CortexM3\ARM_GCC_541\Debug\FirstLab.a(LCD_Screen.o)
                0x00001314                LCD_Screen_PrintString
 .text.LCD_Screen_PutChar
                0x00001330        0x8 .\CortexM3\ARM_GCC_541\Debug\FirstLab.a(LCD_Screen.o)
                0x00001330                LCD_Screen_PutChar
 .text.LCD_Screen_WriteControl
                0x00001338       0x18 .\CortexM3\ARM_GCC_541\Debug\FirstLab.a(LCD_Screen.o)
                0x00001338                LCD_Screen_WriteControl
 .text.LCD_Screen_Init
                0x00001350       0x6c .\CortexM3\ARM_GCC_541\Debug\FirstLab.a(LCD_Screen.o)
                0x00001350                LCD_Screen_Init
 .text.LCD_Screen_Enable
                0x000013bc       0x14 .\CortexM3\ARM_GCC_541\Debug\FirstLab.a(LCD_Screen.o)
                0x000013bc                LCD_Screen_Enable
 .text.LCD_Screen_Start
                0x000013d0       0x1c .\CortexM3\ARM_GCC_541\Debug\FirstLab.a(LCD_Screen.o)
                0x000013d0                LCD_Screen_Start
 .text.LCD_Screen_Position
                0x000013ec       0x3c .\CortexM3\ARM_GCC_541\Debug\FirstLab.a(LCD_Screen.o)
                0x000013ec                LCD_Screen_Position
 .text.COL1_Write
                0x00001428       0x18 .\CortexM3\ARM_GCC_541\Debug\FirstLab.a(COL1.o)
                0x00001428                COL1_Write
 .text.COL2_Write
                0x00001440       0x18 .\CortexM3\ARM_GCC_541\Debug\FirstLab.a(COL2.o)
                0x00001440                COL2_Write
 .text.COL3_Write
                0x00001458       0x18 .\CortexM3\ARM_GCC_541\Debug\FirstLab.a(COL3.o)
                0x00001458                COL3_Write
 .text.ROW1_Read
                0x00001470       0x10 .\CortexM3\ARM_GCC_541\Debug\FirstLab.a(ROW1.o)
                0x00001470                ROW1_Read
 .text.ROW3_Read
                0x00001480       0x10 .\CortexM3\ARM_GCC_541\Debug\FirstLab.a(ROW3.o)
                0x00001480                ROW3_Read
 .text.ROW2_Read
                0x00001490        0xc .\CortexM3\ARM_GCC_541\Debug\FirstLab.a(ROW2.o)
                0x00001490                ROW2_Read
 .text.ROW0_Read
                0x0000149c       0x10 .\CortexM3\ARM_GCC_541\Debug\FirstLab.a(ROW0.o)
                0x0000149c                ROW0_Read
 .text.ADC_DelSig_GainCompensation
                0x000014ac       0xdc .\CortexM3\ARM_GCC_541\Debug\FirstLab.a(ADC_DelSig.o)
 .text.ADC_DelSig_SetDSMRef0Reg
                0x00001588       0x4c .\CortexM3\ARM_GCC_541\Debug\FirstLab.a(ADC_DelSig.o)
 .text.ADC_DelSig_InitConfig
                0x000015d4       0xe0 .\CortexM3\ARM_GCC_541\Debug\FirstLab.a(ADC_DelSig.o)
 .text.ADC_DelSig_Init
                0x000016b4       0xc4 .\CortexM3\ARM_GCC_541\Debug\FirstLab.a(ADC_DelSig.o)
                0x000016b4                ADC_DelSig_Init
 .text.ADC_DelSig_Enable
                0x00001778       0xd8 .\CortexM3\ARM_GCC_541\Debug\FirstLab.a(ADC_DelSig.o)
                0x00001778                ADC_DelSig_Enable
 .text.ADC_DelSig_Start
                0x00001850       0x28 .\CortexM3\ARM_GCC_541\Debug\FirstLab.a(ADC_DelSig.o)
                0x00001850                ADC_DelSig_Start
 .text.ADC_DelSig_StartConvert
                0x00001878       0x10 .\CortexM3\ARM_GCC_541\Debug\FirstLab.a(ADC_DelSig.o)
                0x00001878                ADC_DelSig_StartConvert
 .text.ADC_DelSig_IsEndConversion
                0x00001888       0x30 .\CortexM3\ARM_GCC_541\Debug\FirstLab.a(ADC_DelSig.o)
                0x00001888                ADC_DelSig_IsEndConversion
 .text.ADC_DelSig_GetResult32
                0x000018b8       0x6c .\CortexM3\ARM_GCC_541\Debug\FirstLab.a(ADC_DelSig.o)
                0x000018b8                ADC_DelSig_GetResult32
 .text.ADC_DelSig_CountsTo_mVolts
                0x00001924       0x24 .\CortexM3\ARM_GCC_541\Debug\FirstLab.a(ADC_DelSig.o)
                0x00001924                ADC_DelSig_CountsTo_mVolts
 .text.ADC_DelSig_ISR1
                0x00001948        0x4 .\CortexM3\ARM_GCC_541\Debug\FirstLab.a(ADC_DelSig_INT.o)
                0x00001948                ADC_DelSig_ISR1
 .text.ADC_DelSig_AMux_Start
                0x0000194c       0x20 .\CortexM3\ARM_GCC_541\Debug\FirstLab.a(ADC_DelSig_AMux.o)
                0x0000194c                ADC_DelSig_AMux_Start
 .text.ADC_DelSig_AMux_Select
                0x0000196c       0x18 .\CortexM3\ARM_GCC_541\Debug\FirstLab.a(ADC_DelSig_AMux.o)
                0x0000196c                ADC_DelSig_AMux_Select
 .text.ADC_DelSig_Ext_CP_Clk_GetDividerRegister
                0x00001984        0xc .\CortexM3\ARM_GCC_541\Debug\FirstLab.a(ADC_DelSig_Ext_CP_Clk.o)
                0x00001984                ADC_DelSig_Ext_CP_Clk_GetDividerRegister
 .text.ADC_DelSig_Ext_CP_Clk_SetModeRegister
                0x00001990       0x14 .\CortexM3\ARM_GCC_541\Debug\FirstLab.a(ADC_DelSig_Ext_CP_Clk.o)
                0x00001990                ADC_DelSig_Ext_CP_Clk_SetModeRegister
 .text.ADC_DelSig_Ext_CP_Clk_GetSourceRegister
                0x000019a4       0x10 .\CortexM3\ARM_GCC_541\Debug\FirstLab.a(ADC_DelSig_Ext_CP_Clk.o)
                0x000019a4                ADC_DelSig_Ext_CP_Clk_GetSourceRegister
 .text.ADC_DelSig_Ext_CP_Clk_SetDividerRegister
                0x000019b4       0xd8 .\CortexM3\ARM_GCC_541\Debug\FirstLab.a(ADC_DelSig_Ext_CP_Clk.o)
                0x000019b4                ADC_DelSig_Ext_CP_Clk_SetDividerRegister
 .text.ADC_DelSig_theACLK_GetDividerRegister
                0x00001a8c        0xc .\CortexM3\ARM_GCC_541\Debug\FirstLab.a(ADC_DelSig_theACLK.o)
                0x00001a8c                ADC_DelSig_theACLK_GetDividerRegister
 .text.ADC_DelSig_theACLK_SetModeRegister
                0x00001a98       0x14 .\CortexM3\ARM_GCC_541\Debug\FirstLab.a(ADC_DelSig_theACLK.o)
                0x00001a98                ADC_DelSig_theACLK_SetModeRegister
 .text.ADC_DelSig_theACLK_GetSourceRegister
                0x00001aac       0x10 .\CortexM3\ARM_GCC_541\Debug\FirstLab.a(ADC_DelSig_theACLK.o)
                0x00001aac                ADC_DelSig_theACLK_GetSourceRegister
 .text.ADC_DelSig_theACLK_SetDividerRegister
                0x00001abc       0xd8 .\CortexM3\ARM_GCC_541\Debug\FirstLab.a(ADC_DelSig_theACLK.o)
                0x00001abc                ADC_DelSig_theACLK_SetDividerRegister
 .text.AMux_FastSelect
                0x00001b94       0x20 .\CortexM3\ARM_GCC_541\Debug\FirstLab.a(AMux.o)
                0x00001b94                AMux_FastSelect
 .text.Timer_Enable
                0x00001bb4       0x28 .\CortexM3\ARM_GCC_541\Debug\FirstLab.a(Timer.o)
                0x00001bb4                Timer_Enable
 .text.Timer_SetInterruptMode
                0x00001bdc        0xc .\CortexM3\ARM_GCC_541\Debug\FirstLab.a(Timer.o)
                0x00001bdc                Timer_SetInterruptMode
 .text.Timer_ReadStatusRegister
                0x00001be8        0xc .\CortexM3\ARM_GCC_541\Debug\FirstLab.a(Timer.o)
                0x00001be8                Timer_ReadStatusRegister
 .text.Timer_WritePeriod
                0x00001bf4        0xc .\CortexM3\ARM_GCC_541\Debug\FirstLab.a(Timer.o)
                0x00001bf4                Timer_WritePeriod
 .text.Timer_WriteCounter
                0x00001c00        0xc .\CortexM3\ARM_GCC_541\Debug\FirstLab.a(Timer.o)
                0x00001c00                Timer_WriteCounter
 .text.Timer_Init
                0x00001c0c       0x68 .\CortexM3\ARM_GCC_541\Debug\FirstLab.a(Timer.o)
                0x00001c0c                Timer_Init
 .text.Timer_Start
                0x00001c74       0x1c .\CortexM3\ARM_GCC_541\Debug\FirstLab.a(Timer.o)
                0x00001c74                Timer_Start
 .text.VDAC_Enable
                0x00001c90       0x1c .\CortexM3\ARM_GCC_541\Debug\FirstLab.a(VDAC.o)
                0x00001c90                VDAC_Enable
 .text.VDAC_SetSpeed
                0x00001cac       0x1c .\CortexM3\ARM_GCC_541\Debug\FirstLab.a(VDAC.o)
                0x00001cac                VDAC_SetSpeed
 .text.VDAC_SetValue
                0x00001cc8        0xc .\CortexM3\ARM_GCC_541\Debug\FirstLab.a(VDAC.o)
                0x00001cc8                VDAC_SetValue
 .text.VDAC_DacTrim
                0x00001cd4       0x24 .\CortexM3\ARM_GCC_541\Debug\FirstLab.a(VDAC.o)
                0x00001cd4                VDAC_DacTrim
 .text.VDAC_SetRange
                0x00001cf8       0x20 .\CortexM3\ARM_GCC_541\Debug\FirstLab.a(VDAC.o)
                0x00001cf8                VDAC_SetRange
 .text.VDAC_Init
                0x00001d18       0x20 .\CortexM3\ARM_GCC_541\Debug\FirstLab.a(VDAC.o)
                0x00001d18                VDAC_Init
 .text.VDAC_Start
                0x00001d38       0x24 .\CortexM3\ARM_GCC_541\Debug\FirstLab.a(VDAC.o)
                0x00001d38                VDAC_Start
 .text.UART_Init
                0x00001d5c       0x2c .\CortexM3\ARM_GCC_541\Debug\FirstLab.a(UART.o)
                0x00001d5c                UART_Init
 .text.UART_Enable
                0x00001d88       0x38 .\CortexM3\ARM_GCC_541\Debug\FirstLab.a(UART.o)
                0x00001d88                UART_Enable
 .text.UART_Start
                0x00001dc0       0x1c .\CortexM3\ARM_GCC_541\Debug\FirstLab.a(UART.o)
                0x00001dc0                UART_Start
 .text.UART_ReadRxData
                0x00001ddc        0xc .\CortexM3\ARM_GCC_541\Debug\FirstLab.a(UART.o)
                0x00001ddc                UART_ReadRxData
 .text.UART_ReadRxStatus
                0x00001de8       0x10 .\CortexM3\ARM_GCC_541\Debug\FirstLab.a(UART.o)
                0x00001de8                UART_ReadRxStatus
 .text.UART_PutChar
                0x00001df8       0x18 .\CortexM3\ARM_GCC_541\Debug\FirstLab.a(UART.o)
                0x00001df8                UART_PutChar
 .text.UART_IntClock_Start
                0x00001e10       0x1c .\CortexM3\ARM_GCC_541\Debug\FirstLab.a(UART_IntClock.o)
                0x00001e10                UART_IntClock_Start
 .text.PWM_1_Enable
                0x00001e2c       0x10 .\CortexM3\ARM_GCC_541\Debug\FirstLab.a(PWM_1.o)
                0x00001e2c                PWM_1_Enable
 .text.PWM_1_WriteCounter
                0x00001e3c        0xc .\CortexM3\ARM_GCC_541\Debug\FirstLab.a(PWM_1.o)
                0x00001e3c                PWM_1_WriteCounter
 .text.PWM_1_WritePeriod
                0x00001e48        0xc .\CortexM3\ARM_GCC_541\Debug\FirstLab.a(PWM_1.o)
                0x00001e48                PWM_1_WritePeriod
 .text.PWM_1_WriteCompare
                0x00001e54        0xc .\CortexM3\ARM_GCC_541\Debug\FirstLab.a(PWM_1.o)
                0x00001e54                PWM_1_WriteCompare
 .text.PWM_1_SetInterruptMode
                0x00001e60        0xc .\CortexM3\ARM_GCC_541\Debug\FirstLab.a(PWM_1.o)
                0x00001e60                PWM_1_SetInterruptMode
 .text.PWM_1_ReadStatusRegister
                0x00001e6c        0xc .\CortexM3\ARM_GCC_541\Debug\FirstLab.a(PWM_1.o)
                0x00001e6c                PWM_1_ReadStatusRegister
 .text.PWM_1_ReadCapture
                0x00001e78        0xc .\CortexM3\ARM_GCC_541\Debug\FirstLab.a(PWM_1.o)
                0x00001e78                PWM_1_ReadCapture
 .text.PWM_1_ClearFIFO
                0x00001e84       0x14 .\CortexM3\ARM_GCC_541\Debug\FirstLab.a(PWM_1.o)
                0x00001e84                PWM_1_ClearFIFO
 .text.PWM_1_Init
                0x00001e98       0x60 .\CortexM3\ARM_GCC_541\Debug\FirstLab.a(PWM_1.o)
                0x00001e98                PWM_1_Init
 .text.PWM_1_Start
                0x00001ef8       0x1c .\CortexM3\ARM_GCC_541\Debug\FirstLab.a(PWM_1.o)
                0x00001ef8                PWM_1_Start
 .text.PWM_2_Enable
                0x00001f14       0x10 .\CortexM3\ARM_GCC_541\Debug\FirstLab.a(PWM_2.o)
                0x00001f14                PWM_2_Enable
 .text.PWM_2_WriteCounter
                0x00001f24        0xc .\CortexM3\ARM_GCC_541\Debug\FirstLab.a(PWM_2.o)
                0x00001f24                PWM_2_WriteCounter
 .text.PWM_2_WritePeriod
                0x00001f30        0xc .\CortexM3\ARM_GCC_541\Debug\FirstLab.a(PWM_2.o)
                0x00001f30                PWM_2_WritePeriod
 .text.PWM_2_WriteCompare
                0x00001f3c        0xc .\CortexM3\ARM_GCC_541\Debug\FirstLab.a(PWM_2.o)
                0x00001f3c                PWM_2_WriteCompare
 .text.PWM_2_SetInterruptMode
                0x00001f48        0xc .\CortexM3\ARM_GCC_541\Debug\FirstLab.a(PWM_2.o)
                0x00001f48                PWM_2_SetInterruptMode
 .text.PWM_2_ReadStatusRegister
                0x00001f54        0xc .\CortexM3\ARM_GCC_541\Debug\FirstLab.a(PWM_2.o)
                0x00001f54                PWM_2_ReadStatusRegister
 .text.PWM_2_ReadCapture
                0x00001f60        0xc .\CortexM3\ARM_GCC_541\Debug\FirstLab.a(PWM_2.o)
                0x00001f60                PWM_2_ReadCapture
 .text.PWM_2_ClearFIFO
                0x00001f6c       0x14 .\CortexM3\ARM_GCC_541\Debug\FirstLab.a(PWM_2.o)
                0x00001f6c                PWM_2_ClearFIFO
 .text.PWM_2_Init
                0x00001f80       0x60 .\CortexM3\ARM_GCC_541\Debug\FirstLab.a(PWM_2.o)
                0x00001f80                PWM_2_Init
 .text.PWM_2_Start
                0x00001fe0       0x1c .\CortexM3\ARM_GCC_541\Debug\FirstLab.a(PWM_2.o)
                0x00001fe0                PWM_2_Start
 .text.Rx_Int_SetVector
                0x00001ffc        0xc .\CortexM3\ARM_GCC_541\Debug\FirstLab.a(Rx_Int.o)
                0x00001ffc                Rx_Int_SetVector
 .text.Rx_Int_SetPriority
                0x00002008       0x10 .\CortexM3\ARM_GCC_541\Debug\FirstLab.a(Rx_Int.o)
                0x00002008                Rx_Int_SetPriority
 .text.Rx_Int_Enable
                0x00002018        0xc .\CortexM3\ARM_GCC_541\Debug\FirstLab.a(Rx_Int.o)
                0x00002018                Rx_Int_Enable
 .text.Rx_Int_Disable
                0x00002024        0xc .\CortexM3\ARM_GCC_541\Debug\FirstLab.a(Rx_Int.o)
                0x00002024                Rx_Int_Disable
 .text.Rx_Int_StartEx
                0x00002030       0x1c .\CortexM3\ARM_GCC_541\Debug\FirstLab.a(Rx_Int.o)
                0x00002030                Rx_Int_StartEx
 *fill*         0x0000204c        0x4 
 .text          0x00002050       0x20 .\CortexM3\ARM_GCC_541\Debug\FirstLab.a(CyBootAsmGnu.o)
                0x00002050                CyDelayCycles
                0x00002060                CyEnterCriticalSection
                0x00002068                CyExitCriticalSection
 .text.sin      0x00002070       0x90 c:/program files (x86)/cypress/psoc creator/4.3/psoc creator/import/gnu/arm/5.4.1/bin/../lib/gcc/arm-none-eabi/5.4.1/../../../../arm-none-eabi/lib/armv7-m\libm.a(lib_a-s_sin.o)
                0x00002070                sin
 .text.__ieee754_rem_pio2
                0x00002100      0x42c c:/program files (x86)/cypress/psoc creator/4.3/psoc creator/import/gnu/arm/5.4.1/bin/../lib/gcc/arm-none-eabi/5.4.1/../../../../arm-none-eabi/lib/armv7-m\libm.a(lib_a-e_rem_pio2.o)
                0x00002100                __ieee754_rem_pio2
 *fill*         0x0000252c        0x4 
 .text.__kernel_cos
                0x00002530      0x248 c:/program files (x86)/cypress/psoc creator/4.3/psoc creator/import/gnu/arm/5.4.1/bin/../lib/gcc/arm-none-eabi/5.4.1/../../../../arm-none-eabi/lib/armv7-m\libm.a(lib_a-k_cos.o)
                0x00002530                __kernel_cos
 .text.__kernel_rem_pio2
                0x00002778      0x7f0 c:/program files (x86)/cypress/psoc creator/4.3/psoc creator/import/gnu/arm/5.4.1/bin/../lib/gcc/arm-none-eabi/5.4.1/../../../../arm-none-eabi/lib/armv7-m\libm.a(lib_a-k_rem_pio2.o)
                0x00002778                __kernel_rem_pio2
 .text.__kernel_sin
                0x00002f68      0x16c c:/program files (x86)/cypress/psoc creator/4.3/psoc creator/import/gnu/arm/5.4.1/bin/../lib/gcc/arm-none-eabi/5.4.1/../../../../arm-none-eabi/lib/armv7-m\libm.a(lib_a-k_sin.o)
                0x00002f68                __kernel_sin
 .text.fabs     0x000030d4        0x8 c:/program files (x86)/cypress/psoc creator/4.3/psoc creator/import/gnu/arm/5.4.1/bin/../lib/gcc/arm-none-eabi/5.4.1/../../../../arm-none-eabi/lib/armv7-m\libm.a(lib_a-s_fabs.o)
                0x000030d4                fabs
 *fill*         0x000030dc        0x4 
 .text.floor    0x000030e0      0x110 c:/program files (x86)/cypress/psoc creator/4.3/psoc creator/import/gnu/arm/5.4.1/bin/../lib/gcc/arm-none-eabi/5.4.1/../../../../arm-none-eabi/lib/armv7-m\libm.a(lib_a-s_floor.o)
                0x000030e0                floor
 .text.scalbn   0x000031f0       0xe4 c:/program files (x86)/cypress/psoc creator/4.3/psoc creator/import/gnu/arm/5.4.1/bin/../lib/gcc/arm-none-eabi/5.4.1/../../../../arm-none-eabi/lib/armv7-m\libm.a(lib_a-s_scalbn.o)
                0x000031f0                scalbn
 .text.copysign
                0x000032d4       0x10 c:/program files (x86)/cypress/psoc creator/4.3/psoc creator/import/gnu/arm/5.4.1/bin/../lib/gcc/arm-none-eabi/5.4.1/../../../../arm-none-eabi/lib/armv7-m\libm.a(lib_a-s_copysign.o)
                0x000032d4                copysign
 .text          0x000032e4      0x370 c:/program files (x86)/cypress/psoc creator/4.3/psoc creator/import/gnu/arm/5.4.1/bin/../lib/gcc/arm-none-eabi/5.4.1/armv7-m\libgcc.a(_arm_addsubdf3.o)
                0x000032e4                __aeabi_drsub
                0x000032ec                __aeabi_dsub
                0x000032ec                __subdf3
                0x000032f0                __aeabi_dadd
                0x000032f0                __adddf3
                0x00003568                __floatunsidf
                0x00003568                __aeabi_ui2d
                0x00003588                __floatsidf
                0x00003588                __aeabi_i2d
                0x000035ac                __aeabi_f2d
                0x000035ac                __extendsfdf2
                0x000035e8                __floatundidf
                0x000035e8                __aeabi_ul2d
                0x000035f8                __floatdidf
                0x000035f8                __aeabi_l2d
 .text          0x00003654      0x424 c:/program files (x86)/cypress/psoc creator/4.3/psoc creator/import/gnu/arm/5.4.1/bin/../lib/gcc/arm-none-eabi/5.4.1/armv7-m\libgcc.a(_arm_muldivdf3.o)
                0x00003654                __aeabi_dmul
                0x00003654                __muldf3
                0x000038a8                __divdf3
                0x000038a8                __aeabi_ddiv
 .text          0x00003a78      0x110 c:/program files (x86)/cypress/psoc creator/4.3/psoc creator/import/gnu/arm/5.4.1/bin/../lib/gcc/arm-none-eabi/5.4.1/armv7-m\libgcc.a(_arm_cmpdf2.o)
                0x00003a78                __gtdf2
                0x00003a78                __gedf2
                0x00003a80                __ltdf2
                0x00003a80                __ledf2
                0x00003a88                __nedf2
                0x00003a88                __eqdf2
                0x00003a88                __cmpdf2
                0x00003b04                __aeabi_cdrcmple
                0x00003b14                __aeabi_cdcmpeq
                0x00003b14                __aeabi_cdcmple
                0x00003b24                __aeabi_dcmpeq
                0x00003b38                __aeabi_dcmplt
                0x00003b4c                __aeabi_dcmple
                0x00003b60                __aeabi_dcmpge
                0x00003b74                __aeabi_dcmpgt
 .text          0x00003b88       0x50 c:/program files (x86)/cypress/psoc creator/4.3/psoc creator/import/gnu/arm/5.4.1/bin/../lib/gcc/arm-none-eabi/5.4.1/armv7-m\libgcc.a(_arm_fixdfsi.o)
                0x00003b88                __aeabi_d2iz
                0x00003b88                __fixdfsi
 .text.__errno  0x00003bd8        0xc c:/program files (x86)/cypress/psoc creator/4.3/psoc creator/import/gnu/arm/5.4.1/bin/../lib/gcc/arm-none-eabi/5.4.1/../../../../arm-none-eabi/lib/armv7-m\libg_nano.a(lib_a-errno.o)
                0x00003bd8                __errno
 .text.__libc_init_array
                0x00003be4       0x4c c:/program files (x86)/cypress/psoc creator/4.3/psoc creator/import/gnu/arm/5.4.1/bin/../lib/gcc/arm-none-eabi/5.4.1/../../../../arm-none-eabi/lib/armv7-m\libg_nano.a(lib_a-init.o)
                0x00003be4                __libc_init_array
 .text.memcpy   0x00003c30       0x16 c:/program files (x86)/cypress/psoc creator/4.3/psoc creator/import/gnu/arm/5.4.1/bin/../lib/gcc/arm-none-eabi/5.4.1/../../../../arm-none-eabi/lib/armv7-m\libg_nano.a(lib_a-memcpy-stub.o)
                0x00003c30                memcpy
 .text.memset   0x00003c46       0x10 c:/program files (x86)/cypress/psoc creator/4.3/psoc creator/import/gnu/arm/5.4.1/bin/../lib/gcc/arm-none-eabi/5.4.1/../../../../arm-none-eabi/lib/armv7-m\libg_nano.a(lib_a-memset.o)
                0x00003c46                memset
 .text.strcat   0x00003c56       0x1e c:/program files (x86)/cypress/psoc creator/4.3/psoc creator/import/gnu/arm/5.4.1/bin/../lib/gcc/arm-none-eabi/5.4.1/../../../../arm-none-eabi/lib/armv7-m\libg_nano.a(lib_a-strcat.o)
                0x00003c56                strcat
 .text.strcpy   0x00003c74       0x10 c:/program files (x86)/cypress/psoc creator/4.3/psoc creator/import/gnu/arm/5.4.1/bin/../lib/gcc/arm-none-eabi/5.4.1/../../../../arm-none-eabi/lib/armv7-m\libg_nano.a(lib_a-strcpy.o)
                0x00003c74                strcpy
 .text          0x00003c84       0x10 c:/program files (x86)/cypress/psoc creator/4.3/psoc creator/import/gnu/arm/5.4.1/bin/../lib/gcc/arm-none-eabi/5.4.1/../../../../arm-none-eabi/lib/armv7-m\libg_nano.a(lib_a-strlen.o)
                0x00003c84                strlen
 *(.plt)
 *(.gnu.warning)
 *(.glue_7t)
 .glue_7t       0x00003c94        0x0 linker stubs
 *(.glue_7)
 .glue_7        0x00003c94        0x0 linker stubs
 *(.vfp11_veneer)
 .vfp11_veneer  0x00003c94        0x0 linker stubs
 *(.bootloader)
 *(.ARM.extab* .gnu.linkonce.armextab.*)
 *(.gcc_except_table)

.v4_bx          0x00003c94        0x0
 .v4_bx         0x00003c94        0x0 linker stubs

.iplt           0x00003c94        0x0
 .iplt          0x00003c94        0x0 c:/program files (x86)/cypress/psoc creator/4.3/psoc creator/import/gnu/arm/5.4.1/bin/../lib/gcc/arm-none-eabi/5.4.1/armv7-m/crtbegin.o

.eh_frame_hdr
 *(.eh_frame_hdr)

.eh_frame       0x00003c94        0x4
 *(.eh_frame)
 .eh_frame      0x00003c94        0x0 c:/program files (x86)/cypress/psoc creator/4.3/psoc creator/import/gnu/arm/5.4.1/bin/../lib/gcc/arm-none-eabi/5.4.1/armv7-m/crtbegin.o
 .eh_frame      0x00003c94        0x4 c:/program files (x86)/cypress/psoc creator/4.3/psoc creator/import/gnu/arm/5.4.1/bin/../lib/gcc/arm-none-eabi/5.4.1/armv7-m/crtend.o
                [!provide]                PROVIDE (__exidx_start, .)

.ARM.exidx
 *(.ARM.exidx* .gnu.linkonce.armexidx.*)
                0x00003c98                __exidx_end = .

.rodata         0x00003c98      0x4a8
 *(.rodata .rodata.* .gnu.linkonce.r.*)
 .rodata        0x00003c98        0x3 .\CortexM3\ARM_GCC_541\Debug\main.o
 *fill*         0x00003c9b        0x1 
 .rodata.str1.4
                0x00003c9c        0x9 .\CortexM3\ARM_GCC_541\Debug\main.o
 *fill*         0x00003ca5        0x3 
 .rodata        0x00003ca8        0x9 .\CortexM3\ARM_GCC_541\Debug\printer.o
 *fill*         0x00003cb1        0x3 
 .rodata        0x00003cb4        0x9 .\CortexM3\ARM_GCC_541\Debug\morse.o
 *fill*         0x00003cbd        0x3 
 .rodata.str1.4
                0x00003cc0       0xb6 .\CortexM3\ARM_GCC_541\Debug\morse.o
                                 0xba (size before relaxing)
 *fill*         0x00003d76        0x2 
 .rodata.str1.4
                0x00003d78      0x168 .\CortexM3\ARM_GCC_541\Debug\translator.o
                                0x186 (size before relaxing)
 .rodata        0x00003ee0       0x4a .\CortexM3\ARM_GCC_541\Debug\cyfitter_cfg.o
                0x00003ee0                AMux__addrTable
                0x00003ef0                AMux__maskTable
                0x00003ef4                ADC_DelSig_AMux__addrTable
                0x00003efc                ADC_DelSig_AMux__maskTable
 *fill*         0x00003f2a        0x2 
 .rodata.npio2_hw
                0x00003f2c       0x80 c:/program files (x86)/cypress/psoc creator/4.3/psoc creator/import/gnu/arm/5.4.1/bin/../lib/gcc/arm-none-eabi/5.4.1/../../../../arm-none-eabi/lib/armv7-m\libm.a(lib_a-e_rem_pio2.o)
 .rodata.two_over_pi
                0x00003fac      0x108 c:/program files (x86)/cypress/psoc creator/4.3/psoc creator/import/gnu/arm/5.4.1/bin/../lib/gcc/arm-none-eabi/5.4.1/../../../../arm-none-eabi/lib/armv7-m\libm.a(lib_a-e_rem_pio2.o)
 .rodata.init_jk
                0x000040b4       0x10 c:/program files (x86)/cypress/psoc creator/4.3/psoc creator/import/gnu/arm/5.4.1/bin/../lib/gcc/arm-none-eabi/5.4.1/../../../../arm-none-eabi/lib/armv7-m\libm.a(lib_a-k_rem_pio2.o)
 *fill*         0x000040c4        0x4 
 .rodata.PIo2   0x000040c8       0x40 c:/program files (x86)/cypress/psoc creator/4.3/psoc creator/import/gnu/arm/5.4.1/bin/../lib/gcc/arm-none-eabi/5.4.1/../../../../arm-none-eabi/lib/armv7-m\libm.a(lib_a-k_rem_pio2.o)
 .rodata.str1.1
                0x00004108        0x2 c:/program files (x86)/cypress/psoc creator/4.3/psoc creator/import/gnu/arm/5.4.1/bin/../lib/gcc/arm-none-eabi/5.4.1/../../../../arm-none-eabi/lib/armv7-m\libg_nano.a(lib_a-impure.o)
                0x0000410c                . = ALIGN (0x4)
 *fill*         0x0000410a        0x2 
 *(.init)
 .init          0x0000410c        0x4 c:/program files (x86)/cypress/psoc creator/4.3/psoc creator/import/gnu/arm/5.4.1/bin/../lib/gcc/arm-none-eabi/5.4.1/armv7-m/crti.o
                0x0000410c                _init
 .init          0x00004110        0x8 c:/program files (x86)/cypress/psoc creator/4.3/psoc creator/import/gnu/arm/5.4.1/bin/../lib/gcc/arm-none-eabi/5.4.1/armv7-m/crtn.o
                0x00004118                . = ALIGN (0x4)
                0x00004118                __preinit_array_start = .
 *(.preinit_array)
                0x00004118                __preinit_array_end = .
                0x00004118                . = ALIGN (0x4)
                0x00004118                __init_array_start = .
 *(SORT(.init_array.*))
 *(.init_array)
 .init_array    0x00004118        0x4 c:/program files (x86)/cypress/psoc creator/4.3/psoc creator/import/gnu/arm/5.4.1/bin/../lib/gcc/arm-none-eabi/5.4.1/armv7-m/crtbegin.o
 .init_array    0x0000411c        0x4 .\CortexM3\ARM_GCC_541\Debug\Cm3Start.o
                0x00004120                __init_array_end = .
                0x00004120                . = ALIGN (0x4)
 *(.fini)
 .fini          0x00004120        0x4 c:/program files (x86)/cypress/psoc creator/4.3/psoc creator/import/gnu/arm/5.4.1/bin/../lib/gcc/arm-none-eabi/5.4.1/armv7-m/crti.o
                0x00004120                _fini
 .fini          0x00004124        0x8 c:/program files (x86)/cypress/psoc creator/4.3/psoc creator/import/gnu/arm/5.4.1/bin/../lib/gcc/arm-none-eabi/5.4.1/armv7-m/crtn.o
                0x0000412c                . = ALIGN (0x4)
                0x0000412c                __fini_array_start = .
 *(.fini_array)
 .fini_array    0x0000412c        0x4 c:/program files (x86)/cypress/psoc creator/4.3/psoc creator/import/gnu/arm/5.4.1/bin/../lib/gcc/arm-none-eabi/5.4.1/armv7-m/crtbegin.o
 *(SORT(.fini_array.*))
                0x00004130                __fini_array_end = .
                0x00004130                . = ALIGN (0x4)
 *crtbegin.o(.ctors)
 *(EXCLUDE_FILE(*crtend.o) .ctors)
 *(SORT(.ctors.*))
 *crtend.o(.ctors)
                0x00004130                . = ALIGN (0x4)
 *crtbegin.o(.dtors)
 *(EXCLUDE_FILE(*crtend.o) .dtors)
 *(SORT(.dtors.*))
 *crtend.o(.dtors)
                0x00004130                . = ALIGN (0x4)
                0x00004130                __cy_regions = .
                0x00004130        0x4 LONG 0x4140 __cy_region_init_ram
                0x00004134        0x4 LONG 0x1fff80c8 __cy_region_start_data
                0x00004138        0x4 LONG 0x80 __cy_region_init_size_ram
                0x0000413c        0x4 LONG 0x398 __cy_region_zero_size_ram
                0x00004140                __cy_regions_end = .
                0x00004140                . = ALIGN (0x8)
                0x00004140                _etext = .

.cy_checksum_exclude
                0x00004140        0x0
 *(.cy_checksum_exclude)

.ramvectors     0x1fff8000       0xc0
                0x1fff8000                __cy_region_start_ram = .
 *(.ramvectors)
 .ramvectors    0x1fff8000       0xc0 .\CortexM3\ARM_GCC_541\Debug\Cm3Start.o
                0x1fff8000                CyRamVectors

.noinit         0x1fff80c0        0x1
 *(.noinit)
 .noinit        0x1fff80c0        0x1 .\CortexM3\ARM_GCC_541\Debug\FirstLab.a(CyLib.o)
                0x1fff80c0                CyResetStatus

.data           0x1fff80c8       0x80 load address 0x00004140
                0x1fff80c8                __cy_region_start_data = .
 *(.jcr)
 .jcr           0x1fff80c8        0x0 c:/program files (x86)/cypress/psoc creator/4.3/psoc creator/import/gnu/arm/5.4.1/bin/../lib/gcc/arm-none-eabi/5.4.1/armv7-m/crtbegin.o
 .jcr           0x1fff80c8        0x4 c:/program files (x86)/cypress/psoc creator/4.3/psoc creator/import/gnu/arm/5.4.1/bin/../lib/gcc/arm-none-eabi/5.4.1/armv7-m/crtend.o
 *(.got.plt)
 *(.got)
 *(.shdata)
 *(.data .data.* .gnu.linkonce.d.*)
 .data          0x1fff80cc       0x10 .\CortexM3\ARM_GCC_541\Debug\FirstLab.a(CyLib.o)
                0x1fff80cc                cydelay_32k_ms
                0x1fff80d0                cydelay_freq_khz
                0x1fff80d4                cydelay_freq_mhz
                0x1fff80d8                cydelay_freq_hz
 .data          0x1fff80dc        0x1 .\CortexM3\ARM_GCC_541\Debug\FirstLab.a(ADC_DelSig.o)
                0x1fff80dc                ADC_DelSig_Config
 .data          0x1fff80dd        0x1 .\CortexM3\ARM_GCC_541\Debug\FirstLab.a(ADC_DelSig_AMux.o)
 .data          0x1fff80de        0x1 .\CortexM3\ARM_GCC_541\Debug\FirstLab.a(AMux.o)
 *fill*         0x1fff80df        0x1 
 .data.impure_data
                0x1fff80e0       0x60 c:/program files (x86)/cypress/psoc creator/4.3/psoc creator/import/gnu/arm/5.4.1/bin/../lib/gcc/arm-none-eabi/5.4.1/../../../../arm-none-eabi/lib/armv7-m\libg_nano.a(lib_a-impure.o)
 .data._impure_ptr
                0x1fff8140        0x4 c:/program files (x86)/cypress/psoc creator/4.3/psoc creator/import/gnu/arm/5.4.1/bin/../lib/gcc/arm-none-eabi/5.4.1/../../../../arm-none-eabi/lib/armv7-m\libg_nano.a(lib_a-impure.o)
                0x1fff8140                _impure_ptr
                0x1fff8148                . = ALIGN (0x8)
 *fill*         0x1fff8144        0x4 
 *(.ram)
                0x1fff8148                _edata = .

.igot.plt       0x1fff8148        0x0 load address 0x000041c0
 .igot.plt      0x1fff8148        0x0 c:/program files (x86)/cypress/psoc creator/4.3/psoc creator/import/gnu/arm/5.4.1/bin/../lib/gcc/arm-none-eabi/5.4.1/armv7-m/crtbegin.o

.bss            0x1fff8148      0x398 load address 0x000041c0
                0x1fff8148                PROVIDE (__bss_start__, .)
 *(.shbss)
 *(.bss .bss.* .gnu.linkonce.b.*)
 .bss           0x1fff8148       0x1c c:/program files (x86)/cypress/psoc creator/4.3/psoc creator/import/gnu/arm/5.4.1/bin/../lib/gcc/arm-none-eabi/5.4.1/armv7-m/crtbegin.o
 .bss           0x1fff8164        0x2 .\CortexM3\ARM_GCC_541\Debug\FirstLab.a(LCD_Screen.o)
                0x1fff8164                LCD_Screen_enableState
                0x1fff8165                LCD_Screen_initVar
 *fill*         0x1fff8166        0x2 
 .bss           0x1fff8168        0xc .\CortexM3\ARM_GCC_541\Debug\FirstLab.a(ADC_DelSig.o)
                0x1fff816c                ADC_DelSig_stopConversion
                0x1fff816d                ADC_DelSig_convDone
                0x1fff816e                ADC_DelSig_initVar
                0x1fff816f                ADC_DelSig_started
                0x1fff8170                ADC_DelSig_Offset
 .bss           0x1fff8174        0x1 .\CortexM3\ARM_GCC_541\Debug\FirstLab.a(Timer.o)
                0x1fff8174                Timer_initVar
 .bss           0x1fff8175        0x1 .\CortexM3\ARM_GCC_541\Debug\FirstLab.a(VDAC.o)
                0x1fff8175                VDAC_initVar
 .bss           0x1fff8176        0x2 .\CortexM3\ARM_GCC_541\Debug\FirstLab.a(UART.o)
                0x1fff8176                UART_initVar
 .bss           0x1fff8178        0x1 .\CortexM3\ARM_GCC_541\Debug\FirstLab.a(PWM_1.o)
                0x1fff8178                PWM_1_initVar
 .bss           0x1fff8179        0x1 .\CortexM3\ARM_GCC_541\Debug\FirstLab.a(PWM_2.o)
                0x1fff8179                PWM_2_initVar
 *(COMMON)
 *fill*         0x1fff817a        0x2 
 COMMON         0x1fff817c       0x3c .\CortexM3\ARM_GCC_541\Debug\main.o
                0x1fff817c                rxData
                0x1fff8180                userMessage
                0x1fff81b4                aMessageIsReadyToBeSendflag
 COMMON         0x1fff81b8      0x320 .\CortexM3\ARM_GCC_541\Debug\soundhandler.o
                0x1fff81b8                vector
 COMMON         0x1fff84d8        0x4 .\CortexM3\ARM_GCC_541\Debug\FirstLab.a(ADC_DelSig.o)
                0x1fff84d8                ADC_DelSig_CountsPerVolt
                0x1fff84e0                . = ALIGN (0x8)
 *fill*         0x1fff84dc        0x4 
 *(.ram.b)
                0x1fff84e0                _end = .
                0x1fff84e0                __end = .
                0x1fff84e0                PROVIDE (end, .)
                0x1fff84e0                PROVIDE (__bss_end__, .)
                0x00004140                __cy_region_init_ram = LOADADDR (.data)
                0x00000080                __cy_region_init_size_ram = (_edata - ADDR (.data))
                0x00000398                __cy_region_zero_size_ram = (_end - _edata)

.heap           0x1fff84e0       0x80 load address 0x000041c0
                0x1fff84e0                . = _end
                0x1fff8560                . = (. + 0x80)
 *fill*         0x1fff84e0       0x80 
                0x1fff8560                __cy_heap_limit = .

.stack          0x20007800      0x800
                0x20007800                __cy_stack_limit = .
                0x20008000                . = (. + 0x800)
 *fill*         0x20007800      0x800 
                0x00000001                ASSERT ((__cy_stack_limit >= __cy_heap_limit), region RAM overflowed with stack)
                0x00000000                cy_checksum_exclude_size = (CY_APPL_LOADABLE == 0x1)?SIZEOF (.cy_checksum_exclude):0x0
                0x00000001                ASSERT ((cy_checksum_exclude_size <= CY_CHECKSUM_EXCLUDE_SIZE), CY_BOOT: Section .cy_checksum_exclude size exceedes specified limit.)

.cyloadermeta
 *(.cyloadermeta)

.cyloadablemeta
 *(.cyloadablemeta)

.cyconfigecc    0x80000000      0x560
 *(.cyconfigecc)
 .cyconfigecc   0x80000000      0x560 .\CortexM3\ARM_GCC_541\Debug\cymetadata.o
                0x80000000                cy_meta_configecc

.cycustnvl      0x90000000        0x4
 *(.cycustnvl)
 .cycustnvl     0x90000000        0x4 .\CortexM3\ARM_GCC_541\Debug\cymetadata.o
                0x90000000                cy_meta_custnvl

.cywolatch      0x90100000        0x4
 *(.cywolatch)
 .cywolatch     0x90100000        0x4 .\CortexM3\ARM_GCC_541\Debug\cymetadata.o
                0x90100000                cy_meta_wonvl

.cyeeprom       0x90200000        0x0
 *(.cyeeprom)
                0x00000001                ASSERT ((. <= ((0x90200000 + ee_offset) + ee_size)), .cyeeprom data will not fit in EEPROM)

.cyflashprotect
                0x90400000      0x100
 *(.cyflashprotect)
 .cyflashprotect
                0x90400000      0x100 .\CortexM3\ARM_GCC_541\Debug\cymetadata.o
                0x90400000                cy_meta_flashprotect

.cymeta         0x90500000        0xc
 *(.cymeta)
 .cymeta        0x90500000        0xc .\CortexM3\ARM_GCC_541\Debug\cymetadata.o
                0x90500000                cy_metadata

.rel.dyn        0x000041c0        0x0 load address 0x9050000c
 .rel.iplt      0x000041c0        0x0 c:/program files (x86)/cypress/psoc creator/4.3/psoc creator/import/gnu/arm/5.4.1/bin/../lib/gcc/arm-none-eabi/5.4.1/armv7-m/crtbegin.o

.stab
 *(.stab)

.stabstr
 *(.stabstr)

.debug
 *(.debug)

.line
 *(.line)

.debug_srcinfo
 *(.debug_srcinfo)

.debug_sfnames
 *(.debug_sfnames)

.debug_aranges  0x00000000     0x1138
 *(.debug_aranges)
 .debug_aranges
                0x00000000       0x28 .\CortexM3\ARM_GCC_541\Debug\main.o
 .debug_aranges
                0x00000028       0x28 .\CortexM3\ARM_GCC_541\Debug\keypad.o
 .debug_aranges
                0x00000050       0x38 .\CortexM3\ARM_GCC_541\Debug\printer.o
 .debug_aranges
                0x00000088       0x20 .\CortexM3\ARM_GCC_541\Debug\lighter.o
 .debug_aranges
                0x000000a8       0x58 .\CortexM3\ARM_GCC_541\Debug\morse.o
 .debug_aranges
                0x00000100       0x28 .\CortexM3\ARM_GCC_541\Debug\translator.o
 .debug_aranges
                0x00000128       0x20 .\CortexM3\ARM_GCC_541\Debug\lightsensor.o
 .debug_aranges
                0x00000148       0x30 .\CortexM3\ARM_GCC_541\Debug\soundhandler.o
 .debug_aranges
                0x00000178       0x48 .\CortexM3\ARM_GCC_541\Debug\semaphores.o
 .debug_aranges
                0x000001c0       0x78 .\CortexM3\ARM_GCC_541\Debug\cyfitter_cfg.o
 .debug_aranges
                0x00000238       0x18 .\CortexM3\ARM_GCC_541\Debug\cymetadata.o
 .debug_aranges
                0x00000250       0x48 .\CortexM3\ARM_GCC_541\Debug\Cm3Start.o
 .debug_aranges
                0x00000298       0x38 .\CortexM3\ARM_GCC_541\Debug\FirstLab.a(Pin_D1.o)
 .debug_aranges
                0x000002d0       0x38 .\CortexM3\ARM_GCC_541\Debug\FirstLab.a(Pin_D2.o)
 .debug_aranges
                0x00000308       0x38 .\CortexM3\ARM_GCC_541\Debug\FirstLab.a(Pin_D3.o)
 .debug_aranges
                0x00000340       0x38 .\CortexM3\ARM_GCC_541\Debug\FirstLab.a(Pin_D4.o)
 .debug_aranges
                0x00000378       0x38 .\CortexM3\ARM_GCC_541\Debug\FirstLab.a(Pin_SW1.o)
 .debug_aranges
                0x000003b0       0x38 .\CortexM3\ARM_GCC_541\Debug\FirstLab.a(Pin_SW2.o)
 .debug_aranges
                0x000003e8       0x38 .\CortexM3\ARM_GCC_541\Debug\FirstLab.a(Pin_SW3.o)
 .debug_aranges
                0x00000420       0x38 .\CortexM3\ARM_GCC_541\Debug\FirstLab.a(Pin_SW4.o)
 .debug_aranges
                0x00000458      0x2a0 .\CortexM3\ARM_GCC_541\Debug\FirstLab.a(CyLib.o)
 .debug_aranges
                0x000006f8       0x98 .\CortexM3\ARM_GCC_541\Debug\FirstLab.a(cyPm.o)
 .debug_aranges
                0x00000790       0x98 .\CortexM3\ARM_GCC_541\Debug\FirstLab.a(LCD_Screen.o)
 .debug_aranges
                0x00000828       0x38 .\CortexM3\ARM_GCC_541\Debug\FirstLab.a(COL1.o)
 .debug_aranges
                0x00000860       0x38 .\CortexM3\ARM_GCC_541\Debug\FirstLab.a(COL2.o)
 .debug_aranges
                0x00000898       0x38 .\CortexM3\ARM_GCC_541\Debug\FirstLab.a(COL3.o)
 .debug_aranges
                0x000008d0       0x38 .\CortexM3\ARM_GCC_541\Debug\FirstLab.a(ROW1.o)
 .debug_aranges
                0x00000908       0x38 .\CortexM3\ARM_GCC_541\Debug\FirstLab.a(ROW3.o)
 .debug_aranges
                0x00000940       0x38 .\CortexM3\ARM_GCC_541\Debug\FirstLab.a(ROW2.o)
 .debug_aranges
                0x00000978       0x38 .\CortexM3\ARM_GCC_541\Debug\FirstLab.a(ROW0.o)
 .debug_aranges
                0x000009b0       0xe8 .\CortexM3\ARM_GCC_541\Debug\FirstLab.a(ADC_DelSig.o)
 .debug_aranges
                0x00000a98       0x38 .\CortexM3\ARM_GCC_541\Debug\FirstLab.a(ADC_DelSig_INT.o)
 .debug_aranges
                0x00000ad0       0x30 .\CortexM3\ARM_GCC_541\Debug\FirstLab.a(ADC_DelSig_AMux.o)
 .debug_aranges
                0x00000b00       0x70 .\CortexM3\ARM_GCC_541\Debug\FirstLab.a(ADC_DelSig_Ext_CP_Clk.o)
 .debug_aranges
                0x00000b70       0x80 .\CortexM3\ARM_GCC_541\Debug\FirstLab.a(ADC_DelSig_theACLK.o)
 .debug_aranges
                0x00000bf0       0x30 .\CortexM3\ARM_GCC_541\Debug\FirstLab.a(AMux.o)
 .debug_aranges
                0x00000c20       0x88 .\CortexM3\ARM_GCC_541\Debug\FirstLab.a(Timer.o)
 .debug_aranges
                0x00000ca8       0x58 .\CortexM3\ARM_GCC_541\Debug\FirstLab.a(VDAC.o)
 .debug_aranges
                0x00000d00       0xf0 .\CortexM3\ARM_GCC_541\Debug\FirstLab.a(UART.o)
 .debug_aranges
                0x00000df0       0x70 .\CortexM3\ARM_GCC_541\Debug\FirstLab.a(UART_IntClock.o)
 .debug_aranges
                0x00000e60       0x98 .\CortexM3\ARM_GCC_541\Debug\FirstLab.a(PWM_1.o)
 .debug_aranges
                0x00000ef8       0x98 .\CortexM3\ARM_GCC_541\Debug\FirstLab.a(PWM_2.o)
 .debug_aranges
                0x00000f90       0x80 .\CortexM3\ARM_GCC_541\Debug\FirstLab.a(Rx_Int.o)
 .debug_aranges
                0x00001010       0x20 .\CortexM3\ARM_GCC_541\Debug\FirstLab.a(CyBootAsmGnu.o)
 .debug_aranges
                0x00001030       0x88 .\CortexM3\ARM_GCC_541\Debug\FirstLab.a(CyFlash.o)
 .debug_aranges
                0x000010b8       0x80 .\CortexM3\ARM_GCC_541\Debug\FirstLab.a(CySpc.o)

.debug_pubnames
 *(.debug_pubnames)

.debug_info     0x00000000     0x94ac
 *(.debug_info .gnu.linkonce.wi.*)
 .debug_info    0x00000000      0x51a .\CortexM3\ARM_GCC_541\Debug\main.o
 .debug_info    0x0000051a      0x380 .\CortexM3\ARM_GCC_541\Debug\keypad.o
 .debug_info    0x0000089a      0x4a5 .\CortexM3\ARM_GCC_541\Debug\printer.o
 .debug_info    0x00000d3f      0x16c .\CortexM3\ARM_GCC_541\Debug\lighter.o
 .debug_info    0x00000eab      0x5ed .\CortexM3\ARM_GCC_541\Debug\morse.o
 .debug_info    0x00001498      0x204 .\CortexM3\ARM_GCC_541\Debug\translator.o
 .debug_info    0x0000169c      0x164 .\CortexM3\ARM_GCC_541\Debug\lightsensor.o
 .debug_info    0x00001800      0x18c .\CortexM3\ARM_GCC_541\Debug\soundhandler.o
 .debug_info    0x0000198c      0x475 .\CortexM3\ARM_GCC_541\Debug\semaphores.o
 .debug_info    0x00001e01      0x6a9 .\CortexM3\ARM_GCC_541\Debug\cyfitter_cfg.o
 .debug_info    0x000024aa      0x136 .\CortexM3\ARM_GCC_541\Debug\cymetadata.o
 .debug_info    0x000025e0      0x3bb .\CortexM3\ARM_GCC_541\Debug\Cm3Start.o
 .debug_info    0x0000299b      0x11f .\CortexM3\ARM_GCC_541\Debug\FirstLab.a(Pin_D1.o)
 .debug_info    0x00002aba      0x11f .\CortexM3\ARM_GCC_541\Debug\FirstLab.a(Pin_D2.o)
 .debug_info    0x00002bd9      0x11f .\CortexM3\ARM_GCC_541\Debug\FirstLab.a(Pin_D3.o)
 .debug_info    0x00002cf8      0x11f .\CortexM3\ARM_GCC_541\Debug\FirstLab.a(Pin_D4.o)
 .debug_info    0x00002e17      0x11f .\CortexM3\ARM_GCC_541\Debug\FirstLab.a(Pin_SW1.o)
 .debug_info    0x00002f36      0x11f .\CortexM3\ARM_GCC_541\Debug\FirstLab.a(Pin_SW2.o)
 .debug_info    0x00003055      0x11f .\CortexM3\ARM_GCC_541\Debug\FirstLab.a(Pin_SW3.o)
 .debug_info    0x00003174      0x11f .\CortexM3\ARM_GCC_541\Debug\FirstLab.a(Pin_SW4.o)
 .debug_info    0x00003293     0x1374 .\CortexM3\ARM_GCC_541\Debug\FirstLab.a(CyLib.o)
 .debug_info    0x00004607      0xa2a .\CortexM3\ARM_GCC_541\Debug\FirstLab.a(cyPm.o)
 .debug_info    0x00005031      0x715 .\CortexM3\ARM_GCC_541\Debug\FirstLab.a(LCD_Screen.o)
 .debug_info    0x00005746      0x11f .\CortexM3\ARM_GCC_541\Debug\FirstLab.a(COL1.o)
 .debug_info    0x00005865      0x11f .\CortexM3\ARM_GCC_541\Debug\FirstLab.a(COL2.o)
 .debug_info    0x00005984      0x11f .\CortexM3\ARM_GCC_541\Debug\FirstLab.a(COL3.o)
 .debug_info    0x00005aa3      0x11f .\CortexM3\ARM_GCC_541\Debug\FirstLab.a(ROW1.o)
 .debug_info    0x00005bc2      0x11f .\CortexM3\ARM_GCC_541\Debug\FirstLab.a(ROW3.o)
 .debug_info    0x00005ce1      0x11f .\CortexM3\ARM_GCC_541\Debug\FirstLab.a(ROW2.o)
 .debug_info    0x00005e00      0x11f .\CortexM3\ARM_GCC_541\Debug\FirstLab.a(ROW0.o)
 .debug_info    0x00005f1f      0xa18 .\CortexM3\ARM_GCC_541\Debug\FirstLab.a(ADC_DelSig.o)
 .debug_info    0x00006937       0xd3 .\CortexM3\ARM_GCC_541\Debug\FirstLab.a(ADC_DelSig_INT.o)
 .debug_info    0x00006a0a      0x165 .\CortexM3\ARM_GCC_541\Debug\FirstLab.a(ADC_DelSig_AMux.o)
 .debug_info    0x00006b6f      0x283 .\CortexM3\ARM_GCC_541\Debug\FirstLab.a(ADC_DelSig_Ext_CP_Clk.o)
 .debug_info    0x00006df2      0x2c4 .\CortexM3\ARM_GCC_541\Debug\FirstLab.a(ADC_DelSig_theACLK.o)
 .debug_info    0x000070b6      0x146 .\CortexM3\ARM_GCC_541\Debug\FirstLab.a(AMux.o)
 .debug_info    0x000071fc      0x295 .\CortexM3\ARM_GCC_541\Debug\FirstLab.a(Timer.o)
 .debug_info    0x00007491      0x1e0 .\CortexM3\ARM_GCC_541\Debug\FirstLab.a(VDAC.o)
 .debug_info    0x00007671      0x60c .\CortexM3\ARM_GCC_541\Debug\FirstLab.a(UART.o)
 .debug_info    0x00007c7d      0x283 .\CortexM3\ARM_GCC_541\Debug\FirstLab.a(UART_IntClock.o)
 .debug_info    0x00007f00      0x354 .\CortexM3\ARM_GCC_541\Debug\FirstLab.a(PWM_1.o)
 .debug_info    0x00008254      0x354 .\CortexM3\ARM_GCC_541\Debug\FirstLab.a(PWM_2.o)
 .debug_info    0x000085a8      0x2d2 .\CortexM3\ARM_GCC_541\Debug\FirstLab.a(Rx_Int.o)
 .debug_info    0x0000887a       0x95 .\CortexM3\ARM_GCC_541\Debug\FirstLab.a(CyBootAsmGnu.o)
 .debug_info    0x0000890f      0x64d .\CortexM3\ARM_GCC_541\Debug\FirstLab.a(CyFlash.o)
 .debug_info    0x00008f5c      0x550 .\CortexM3\ARM_GCC_541\Debug\FirstLab.a(CySpc.o)

.debug_abbrev   0x00000000     0x2d21
 *(.debug_abbrev)
 .debug_abbrev  0x00000000      0x139 .\CortexM3\ARM_GCC_541\Debug\main.o
 .debug_abbrev  0x00000139       0xc5 .\CortexM3\ARM_GCC_541\Debug\keypad.o
 .debug_abbrev  0x000001fe      0x12a .\CortexM3\ARM_GCC_541\Debug\printer.o
 .debug_abbrev  0x00000328       0x85 .\CortexM3\ARM_GCC_541\Debug\lighter.o
 .debug_abbrev  0x000003ad      0x163 .\CortexM3\ARM_GCC_541\Debug\morse.o
 .debug_abbrev  0x00000510      0x12c .\CortexM3\ARM_GCC_541\Debug\translator.o
 .debug_abbrev  0x0000063c       0xbe .\CortexM3\ARM_GCC_541\Debug\lightsensor.o
 .debug_abbrev  0x000006fa      0x10b .\CortexM3\ARM_GCC_541\Debug\soundhandler.o
 .debug_abbrev  0x00000805      0x109 .\CortexM3\ARM_GCC_541\Debug\semaphores.o
 .debug_abbrev  0x0000090e      0x21e .\CortexM3\ARM_GCC_541\Debug\cyfitter_cfg.o
 .debug_abbrev  0x00000b2c       0x77 .\CortexM3\ARM_GCC_541\Debug\cymetadata.o
 .debug_abbrev  0x00000ba3      0x1e8 .\CortexM3\ARM_GCC_541\Debug\Cm3Start.o
 .debug_abbrev  0x00000d8b       0x90 .\CortexM3\ARM_GCC_541\Debug\FirstLab.a(Pin_D1.o)
 .debug_abbrev  0x00000e1b       0x90 .\CortexM3\ARM_GCC_541\Debug\FirstLab.a(Pin_D2.o)
 .debug_abbrev  0x00000eab       0x90 .\CortexM3\ARM_GCC_541\Debug\FirstLab.a(Pin_D3.o)
 .debug_abbrev  0x00000f3b       0x90 .\CortexM3\ARM_GCC_541\Debug\FirstLab.a(Pin_D4.o)
 .debug_abbrev  0x00000fcb       0x90 .\CortexM3\ARM_GCC_541\Debug\FirstLab.a(Pin_SW1.o)
 .debug_abbrev  0x0000105b       0x90 .\CortexM3\ARM_GCC_541\Debug\FirstLab.a(Pin_SW2.o)
 .debug_abbrev  0x000010eb       0x90 .\CortexM3\ARM_GCC_541\Debug\FirstLab.a(Pin_SW3.o)
 .debug_abbrev  0x0000117b       0x90 .\CortexM3\ARM_GCC_541\Debug\FirstLab.a(Pin_SW4.o)
 .debug_abbrev  0x0000120b      0x254 .\CortexM3\ARM_GCC_541\Debug\FirstLab.a(CyLib.o)
 .debug_abbrev  0x0000145f      0x1ab .\CortexM3\ARM_GCC_541\Debug\FirstLab.a(cyPm.o)
 .debug_abbrev  0x0000160a      0x157 .\CortexM3\ARM_GCC_541\Debug\FirstLab.a(LCD_Screen.o)
 .debug_abbrev  0x00001761       0x90 .\CortexM3\ARM_GCC_541\Debug\FirstLab.a(COL1.o)
 .debug_abbrev  0x000017f1       0x90 .\CortexM3\ARM_GCC_541\Debug\FirstLab.a(COL2.o)
 .debug_abbrev  0x00001881       0x90 .\CortexM3\ARM_GCC_541\Debug\FirstLab.a(COL3.o)
 .debug_abbrev  0x00001911       0x90 .\CortexM3\ARM_GCC_541\Debug\FirstLab.a(ROW1.o)
 .debug_abbrev  0x000019a1       0x90 .\CortexM3\ARM_GCC_541\Debug\FirstLab.a(ROW3.o)
 .debug_abbrev  0x00001a31       0x90 .\CortexM3\ARM_GCC_541\Debug\FirstLab.a(ROW2.o)
 .debug_abbrev  0x00001ac1       0x90 .\CortexM3\ARM_GCC_541\Debug\FirstLab.a(ROW0.o)
 .debug_abbrev  0x00001b51      0x1eb .\CortexM3\ARM_GCC_541\Debug\FirstLab.a(ADC_DelSig.o)
 .debug_abbrev  0x00001d3c       0x42 .\CortexM3\ARM_GCC_541\Debug\FirstLab.a(ADC_DelSig_INT.o)
 .debug_abbrev  0x00001d7e       0xb1 .\CortexM3\ARM_GCC_541\Debug\FirstLab.a(ADC_DelSig_AMux.o)
 .debug_abbrev  0x00001e2f      0x139 .\CortexM3\ARM_GCC_541\Debug\FirstLab.a(ADC_DelSig_Ext_CP_Clk.o)
 .debug_abbrev  0x00001f68      0x121 .\CortexM3\ARM_GCC_541\Debug\FirstLab.a(ADC_DelSig_theACLK.o)
 .debug_abbrev  0x00002089       0xb1 .\CortexM3\ARM_GCC_541\Debug\FirstLab.a(AMux.o)
 .debug_abbrev  0x0000213a      0x11a .\CortexM3\ARM_GCC_541\Debug\FirstLab.a(Timer.o)
 .debug_abbrev  0x00002254       0xf7 .\CortexM3\ARM_GCC_541\Debug\FirstLab.a(VDAC.o)
 .debug_abbrev  0x0000234b      0x175 .\CortexM3\ARM_GCC_541\Debug\FirstLab.a(UART.o)
 .debug_abbrev  0x000024c0      0x139 .\CortexM3\ARM_GCC_541\Debug\FirstLab.a(UART_IntClock.o)
 .debug_abbrev  0x000025f9      0x133 .\CortexM3\ARM_GCC_541\Debug\FirstLab.a(PWM_1.o)
 .debug_abbrev  0x0000272c      0x133 .\CortexM3\ARM_GCC_541\Debug\FirstLab.a(PWM_2.o)
 .debug_abbrev  0x0000285f      0x173 .\CortexM3\ARM_GCC_541\Debug\FirstLab.a(Rx_Int.o)
 .debug_abbrev  0x000029d2       0x14 .\CortexM3\ARM_GCC_541\Debug\FirstLab.a(CyBootAsmGnu.o)
 .debug_abbrev  0x000029e6      0x1a7 .\CortexM3\ARM_GCC_541\Debug\FirstLab.a(CyFlash.o)
 .debug_abbrev  0x00002b8d      0x194 .\CortexM3\ARM_GCC_541\Debug\FirstLab.a(CySpc.o)

.debug_line     0x00000000     0x4953
 *(.debug_line)
 .debug_line    0x00000000      0x32f .\CortexM3\ARM_GCC_541\Debug\main.o
 .debug_line    0x0000032f      0x1ec .\CortexM3\ARM_GCC_541\Debug\keypad.o
 .debug_line    0x0000051b      0x2a9 .\CortexM3\ARM_GCC_541\Debug\printer.o
 .debug_line    0x000007c4      0x18f .\CortexM3\ARM_GCC_541\Debug\lighter.o
 .debug_line    0x00000953      0x356 .\CortexM3\ARM_GCC_541\Debug\morse.o
 .debug_line    0x00000ca9      0x28b .\CortexM3\ARM_GCC_541\Debug\translator.o
 .debug_line    0x00000f34      0x182 .\CortexM3\ARM_GCC_541\Debug\lightsensor.o
 .debug_line    0x000010b6      0x21f .\CortexM3\ARM_GCC_541\Debug\soundhandler.o
 .debug_line    0x000012d5      0x2d1 .\CortexM3\ARM_GCC_541\Debug\semaphores.o
 .debug_line    0x000015a6      0x239 .\CortexM3\ARM_GCC_541\Debug\cyfitter_cfg.o
 .debug_line    0x000017df      0x141 .\CortexM3\ARM_GCC_541\Debug\cymetadata.o
 .debug_line    0x00001920      0x234 .\CortexM3\ARM_GCC_541\Debug\Cm3Start.o
 .debug_line    0x00001b54       0x93 .\CortexM3\ARM_GCC_541\Debug\FirstLab.a(Pin_D1.o)
 .debug_line    0x00001be7       0x93 .\CortexM3\ARM_GCC_541\Debug\FirstLab.a(Pin_D2.o)
 .debug_line    0x00001c7a       0x93 .\CortexM3\ARM_GCC_541\Debug\FirstLab.a(Pin_D3.o)
 .debug_line    0x00001d0d       0x93 .\CortexM3\ARM_GCC_541\Debug\FirstLab.a(Pin_D4.o)
 .debug_line    0x00001da0       0x94 .\CortexM3\ARM_GCC_541\Debug\FirstLab.a(Pin_SW1.o)
 .debug_line    0x00001e34       0x94 .\CortexM3\ARM_GCC_541\Debug\FirstLab.a(Pin_SW2.o)
 .debug_line    0x00001ec8       0x94 .\CortexM3\ARM_GCC_541\Debug\FirstLab.a(Pin_SW3.o)
 .debug_line    0x00001f5c       0x94 .\CortexM3\ARM_GCC_541\Debug\FirstLab.a(Pin_SW4.o)
 .debug_line    0x00001ff0      0x816 .\CortexM3\ARM_GCC_541\Debug\FirstLab.a(CyLib.o)
 .debug_line    0x00002806      0x367 .\CortexM3\ARM_GCC_541\Debug\FirstLab.a(cyPm.o)
 .debug_line    0x00002b6d      0x1e3 .\CortexM3\ARM_GCC_541\Debug\FirstLab.a(LCD_Screen.o)
 .debug_line    0x00002d50       0x91 .\CortexM3\ARM_GCC_541\Debug\FirstLab.a(COL1.o)
 .debug_line    0x00002de1       0x91 .\CortexM3\ARM_GCC_541\Debug\FirstLab.a(COL2.o)
 .debug_line    0x00002e72       0x91 .\CortexM3\ARM_GCC_541\Debug\FirstLab.a(COL3.o)
 .debug_line    0x00002f03       0x91 .\CortexM3\ARM_GCC_541\Debug\FirstLab.a(ROW1.o)
 .debug_line    0x00002f94       0x91 .\CortexM3\ARM_GCC_541\Debug\FirstLab.a(ROW3.o)
 .debug_line    0x00003025       0x91 .\CortexM3\ARM_GCC_541\Debug\FirstLab.a(ROW2.o)
 .debug_line    0x000030b6       0x91 .\CortexM3\ARM_GCC_541\Debug\FirstLab.a(ROW0.o)
 .debug_line    0x00003147      0x373 .\CortexM3\ARM_GCC_541\Debug\FirstLab.a(ADC_DelSig.o)
 .debug_line    0x000034ba       0x87 .\CortexM3\ARM_GCC_541\Debug\FirstLab.a(ADC_DelSig_INT.o)
 .debug_line    0x00003541       0xb3 .\CortexM3\ARM_GCC_541\Debug\FirstLab.a(ADC_DelSig_AMux.o)
 .debug_line    0x000035f4      0x184 .\CortexM3\ARM_GCC_541\Debug\FirstLab.a(ADC_DelSig_Ext_CP_Clk.o)
 .debug_line    0x00003778      0x1a4 .\CortexM3\ARM_GCC_541\Debug\FirstLab.a(ADC_DelSig_theACLK.o)
 .debug_line    0x0000391c       0xa8 .\CortexM3\ARM_GCC_541\Debug\FirstLab.a(AMux.o)
 .debug_line    0x000039c4      0x153 .\CortexM3\ARM_GCC_541\Debug\FirstLab.a(Timer.o)
 .debug_line    0x00003b17       0xe1 .\CortexM3\ARM_GCC_541\Debug\FirstLab.a(VDAC.o)
 .debug_line    0x00003bf8      0x2bc .\CortexM3\ARM_GCC_541\Debug\FirstLab.a(UART.o)
 .debug_line    0x00003eb4      0x17c .\CortexM3\ARM_GCC_541\Debug\FirstLab.a(UART_IntClock.o)
 .debug_line    0x00004030      0x188 .\CortexM3\ARM_GCC_541\Debug\FirstLab.a(PWM_1.o)
 .debug_line    0x000041b8      0x188 .\CortexM3\ARM_GCC_541\Debug\FirstLab.a(PWM_2.o)
 .debug_line    0x00004340      0x133 .\CortexM3\ARM_GCC_541\Debug\FirstLab.a(Rx_Int.o)
 .debug_line    0x00004473       0x66 .\CortexM3\ARM_GCC_541\Debug\FirstLab.a(CyBootAsmGnu.o)
 .debug_line    0x000044d9      0x21a .\CortexM3\ARM_GCC_541\Debug\FirstLab.a(CyFlash.o)
 .debug_line    0x000046f3      0x260 .\CortexM3\ARM_GCC_541\Debug\FirstLab.a(CySpc.o)

.debug_frame    0x00000000     0x29bc
 *(.debug_frame)
 .debug_frame   0x00000000       0x5c .\CortexM3\ARM_GCC_541\Debug\main.o
 .debug_frame   0x0000005c       0x48 .\CortexM3\ARM_GCC_541\Debug\keypad.o
 .debug_frame   0x000000a4       0x94 .\CortexM3\ARM_GCC_541\Debug\printer.o
 .debug_frame   0x00000138       0x2c .\CortexM3\ARM_GCC_541\Debug\lighter.o
 .debug_frame   0x00000164      0x108 .\CortexM3\ARM_GCC_541\Debug\morse.o
 .debug_frame   0x0000026c       0x4c .\CortexM3\ARM_GCC_541\Debug\translator.o
 .debug_frame   0x000002b8       0x2c .\CortexM3\ARM_GCC_541\Debug\lightsensor.o
 .debug_frame   0x000002e4       0x64 .\CortexM3\ARM_GCC_541\Debug\soundhandler.o
 .debug_frame   0x00000348       0xc4 .\CortexM3\ARM_GCC_541\Debug\semaphores.o
 .debug_frame   0x0000040c      0x13c .\CortexM3\ARM_GCC_541\Debug\cyfitter_cfg.o
 .debug_frame   0x00000548       0xb8 .\CortexM3\ARM_GCC_541\Debug\Cm3Start.o
 .debug_frame   0x00000600       0x50 .\CortexM3\ARM_GCC_541\Debug\FirstLab.a(Pin_D1.o)
 .debug_frame   0x00000650       0x50 .\CortexM3\ARM_GCC_541\Debug\FirstLab.a(Pin_D2.o)
 .debug_frame   0x000006a0       0x50 .\CortexM3\ARM_GCC_541\Debug\FirstLab.a(Pin_D3.o)
 .debug_frame   0x000006f0       0x50 .\CortexM3\ARM_GCC_541\Debug\FirstLab.a(Pin_D4.o)
 .debug_frame   0x00000740       0x50 .\CortexM3\ARM_GCC_541\Debug\FirstLab.a(Pin_SW1.o)
 .debug_frame   0x00000790       0x50 .\CortexM3\ARM_GCC_541\Debug\FirstLab.a(Pin_SW2.o)
 .debug_frame   0x000007e0       0x50 .\CortexM3\ARM_GCC_541\Debug\FirstLab.a(Pin_SW3.o)
 .debug_frame   0x00000830       0x50 .\CortexM3\ARM_GCC_541\Debug\FirstLab.a(Pin_SW4.o)
 .debug_frame   0x00000880      0x738 .\CortexM3\ARM_GCC_541\Debug\FirstLab.a(CyLib.o)
 .debug_frame   0x00000fb8      0x1f8 .\CortexM3\ARM_GCC_541\Debug\FirstLab.a(cyPm.o)
 .debug_frame   0x000011b0      0x1e8 .\CortexM3\ARM_GCC_541\Debug\FirstLab.a(LCD_Screen.o)
 .debug_frame   0x00001398       0x50 .\CortexM3\ARM_GCC_541\Debug\FirstLab.a(COL1.o)
 .debug_frame   0x000013e8       0x50 .\CortexM3\ARM_GCC_541\Debug\FirstLab.a(COL2.o)
 .debug_frame   0x00001438       0x50 .\CortexM3\ARM_GCC_541\Debug\FirstLab.a(COL3.o)
 .debug_frame   0x00001488       0x50 .\CortexM3\ARM_GCC_541\Debug\FirstLab.a(ROW1.o)
 .debug_frame   0x000014d8       0x50 .\CortexM3\ARM_GCC_541\Debug\FirstLab.a(ROW3.o)
 .debug_frame   0x00001528       0x50 .\CortexM3\ARM_GCC_541\Debug\FirstLab.a(ROW2.o)
 .debug_frame   0x00001578       0x50 .\CortexM3\ARM_GCC_541\Debug\FirstLab.a(ROW0.o)
 .debug_frame   0x000015c8      0x284 .\CortexM3\ARM_GCC_541\Debug\FirstLab.a(ADC_DelSig.o)
 .debug_frame   0x0000184c       0x50 .\CortexM3\ARM_GCC_541\Debug\FirstLab.a(ADC_DelSig_INT.o)
 .debug_frame   0x0000189c       0x64 .\CortexM3\ARM_GCC_541\Debug\FirstLab.a(ADC_DelSig_AMux.o)
 .debug_frame   0x00001900       0xe0 .\CortexM3\ARM_GCC_541\Debug\FirstLab.a(ADC_DelSig_Ext_CP_Clk.o)
 .debug_frame   0x000019e0      0x100 .\CortexM3\ARM_GCC_541\Debug\FirstLab.a(ADC_DelSig_theACLK.o)
 .debug_frame   0x00001ae0       0x64 .\CortexM3\ARM_GCC_541\Debug\FirstLab.a(AMux.o)
 .debug_frame   0x00001b44      0x108 .\CortexM3\ARM_GCC_541\Debug\FirstLab.a(Timer.o)
 .debug_frame   0x00001c4c       0xb4 .\CortexM3\ARM_GCC_541\Debug\FirstLab.a(VDAC.o)
 .debug_frame   0x00001d00      0x250 .\CortexM3\ARM_GCC_541\Debug\FirstLab.a(UART.o)
 .debug_frame   0x00001f50       0xe0 .\CortexM3\ARM_GCC_541\Debug\FirstLab.a(UART_IntClock.o)
 .debug_frame   0x00002030      0x134 .\CortexM3\ARM_GCC_541\Debug\FirstLab.a(PWM_1.o)
 .debug_frame   0x00002164      0x134 .\CortexM3\ARM_GCC_541\Debug\FirstLab.a(PWM_2.o)
 .debug_frame   0x00002298      0x104 .\CortexM3\ARM_GCC_541\Debug\FirstLab.a(Rx_Int.o)
 .debug_frame   0x0000239c      0x194 .\CortexM3\ARM_GCC_541\Debug\FirstLab.a(CyFlash.o)
 .debug_frame   0x00002530      0x180 .\CortexM3\ARM_GCC_541\Debug\FirstLab.a(CySpc.o)
 .debug_frame   0x000026b0       0x38 c:/program files (x86)/cypress/psoc creator/4.3/psoc creator/import/gnu/arm/5.4.1/bin/../lib/gcc/arm-none-eabi/5.4.1/../../../../arm-none-eabi/lib/armv7-m\libm.a(lib_a-s_sin.o)
 .debug_frame   0x000026e8       0x48 c:/program files (x86)/cypress/psoc creator/4.3/psoc creator/import/gnu/arm/5.4.1/bin/../lib/gcc/arm-none-eabi/5.4.1/../../../../arm-none-eabi/lib/armv7-m\libm.a(lib_a-e_rem_pio2.o)
 .debug_frame   0x00002730       0x4c c:/program files (x86)/cypress/psoc creator/4.3/psoc creator/import/gnu/arm/5.4.1/bin/../lib/gcc/arm-none-eabi/5.4.1/../../../../arm-none-eabi/lib/armv7-m\libm.a(lib_a-k_cos.o)
 .debug_frame   0x0000277c       0x50 c:/program files (x86)/cypress/psoc creator/4.3/psoc creator/import/gnu/arm/5.4.1/bin/../lib/gcc/arm-none-eabi/5.4.1/../../../../arm-none-eabi/lib/armv7-m\libm.a(lib_a-k_rem_pio2.o)
 .debug_frame   0x000027cc       0x48 c:/program files (x86)/cypress/psoc creator/4.3/psoc creator/import/gnu/arm/5.4.1/bin/../lib/gcc/arm-none-eabi/5.4.1/../../../../arm-none-eabi/lib/armv7-m\libm.a(lib_a-k_sin.o)
 .debug_frame   0x00002814       0x20 c:/program files (x86)/cypress/psoc creator/4.3/psoc creator/import/gnu/arm/5.4.1/bin/../lib/gcc/arm-none-eabi/5.4.1/../../../../arm-none-eabi/lib/armv7-m\libm.a(lib_a-s_fabs.o)
 .debug_frame   0x00002834       0x34 c:/program files (x86)/cypress/psoc creator/4.3/psoc creator/import/gnu/arm/5.4.1/bin/../lib/gcc/arm-none-eabi/5.4.1/../../../../arm-none-eabi/lib/armv7-m\libm.a(lib_a-s_floor.o)
 .debug_frame   0x00002868       0x30 c:/program files (x86)/cypress/psoc creator/4.3/psoc creator/import/gnu/arm/5.4.1/bin/../lib/gcc/arm-none-eabi/5.4.1/../../../../arm-none-eabi/lib/armv7-m\libm.a(lib_a-s_scalbn.o)
 .debug_frame   0x00002898       0x20 c:/program files (x86)/cypress/psoc creator/4.3/psoc creator/import/gnu/arm/5.4.1/bin/../lib/gcc/arm-none-eabi/5.4.1/../../../../arm-none-eabi/lib/armv7-m\libm.a(lib_a-s_copysign.o)
 .debug_frame   0x000028b8       0x20 c:/program files (x86)/cypress/psoc creator/4.3/psoc creator/import/gnu/arm/5.4.1/bin/../lib/gcc/arm-none-eabi/5.4.1/../../../../arm-none-eabi/lib/armv7-m\libg_nano.a(lib_a-errno.o)
 .debug_frame   0x000028d8       0x28 c:/program files (x86)/cypress/psoc creator/4.3/psoc creator/import/gnu/arm/5.4.1/bin/../lib/gcc/arm-none-eabi/5.4.1/../../../../arm-none-eabi/lib/armv7-m\libg_nano.a(lib_a-exit.o)
 .debug_frame   0x00002900       0x2c c:/program files (x86)/cypress/psoc creator/4.3/psoc creator/import/gnu/arm/5.4.1/bin/../lib/gcc/arm-none-eabi/5.4.1/../../../../arm-none-eabi/lib/armv7-m\libg_nano.a(lib_a-init.o)
 .debug_frame   0x0000292c       0x28 c:/program files (x86)/cypress/psoc creator/4.3/psoc creator/import/gnu/arm/5.4.1/bin/../lib/gcc/arm-none-eabi/5.4.1/../../../../arm-none-eabi/lib/armv7-m\libg_nano.a(lib_a-memcpy-stub.o)
 .debug_frame   0x00002954       0x20 c:/program files (x86)/cypress/psoc creator/4.3/psoc creator/import/gnu/arm/5.4.1/bin/../lib/gcc/arm-none-eabi/5.4.1/../../../../arm-none-eabi/lib/armv7-m\libg_nano.a(lib_a-memset.o)
 .debug_frame   0x00002974       0x28 c:/program files (x86)/cypress/psoc creator/4.3/psoc creator/import/gnu/arm/5.4.1/bin/../lib/gcc/arm-none-eabi/5.4.1/../../../../arm-none-eabi/lib/armv7-m\libg_nano.a(lib_a-strcat.o)
 .debug_frame   0x0000299c       0x20 c:/program files (x86)/cypress/psoc creator/4.3/psoc creator/import/gnu/arm/5.4.1/bin/../lib/gcc/arm-none-eabi/5.4.1/../../../../arm-none-eabi/lib/armv7-m\libg_nano.a(lib_a-strcpy.o)

.debug_str      0x00000000     0x3050
 *(.debug_str)
 .debug_str     0x00000000      0x3b7 .\CortexM3\ARM_GCC_541\Debug\main.o
                                0x40e (size before relaxing)
 .debug_str     0x000003b7       0x52 .\CortexM3\ARM_GCC_541\Debug\keypad.o
                                0x221 (size before relaxing)
 .debug_str     0x00000409       0x77 .\CortexM3\ARM_GCC_541\Debug\printer.o
                                0x261 (size before relaxing)
 .debug_str     0x00000480       0x6e .\CortexM3\ARM_GCC_541\Debug\lighter.o
                                0x21d (size before relaxing)
 .debug_str     0x000004ee       0xd7 .\CortexM3\ARM_GCC_541\Debug\morse.o
                                0x38e (size before relaxing)
 .debug_str     0x000005c5       0x41 .\CortexM3\ARM_GCC_541\Debug\translator.o
                                0x200 (size before relaxing)
 .debug_str     0x00000606       0x81 .\CortexM3\ARM_GCC_541\Debug\lightsensor.o
                                0x238 (size before relaxing)
 .debug_str     0x00000687       0x3d .\CortexM3\ARM_GCC_541\Debug\soundhandler.o
                                0x201 (size before relaxing)
 .debug_str     0x000006c4       0x85 .\CortexM3\ARM_GCC_541\Debug\semaphores.o
                                0x2e4 (size before relaxing)
 .debug_str     0x00000749      0x1e3 .\CortexM3\ARM_GCC_541\Debug\cyfitter_cfg.o
                                0x3b0 (size before relaxing)
 .debug_str     0x0000092c       0x75 .\CortexM3\ARM_GCC_541\Debug\cymetadata.o
                                0x1e9 (size before relaxing)
 .debug_str     0x000009a1      0x144 .\CortexM3\ARM_GCC_541\Debug\Cm3Start.o
                                0x30f (size before relaxing)
 .debug_str     0x00000ae5       0x57 .\CortexM3\ARM_GCC_541\Debug\FirstLab.a(Pin_D1.o)
                                0x1ec (size before relaxing)
 .debug_str     0x00000b3c       0x47 .\CortexM3\ARM_GCC_541\Debug\FirstLab.a(Pin_D2.o)
                                0x1ec (size before relaxing)
 .debug_str     0x00000b83       0x47 .\CortexM3\ARM_GCC_541\Debug\FirstLab.a(Pin_D3.o)
                                0x1ec (size before relaxing)
 .debug_str     0x00000bca       0x47 .\CortexM3\ARM_GCC_541\Debug\FirstLab.a(Pin_D4.o)
                                0x1ec (size before relaxing)
 .debug_str     0x00000c11       0x58 .\CortexM3\ARM_GCC_541\Debug\FirstLab.a(Pin_SW1.o)
                                0x1f1 (size before relaxing)
 .debug_str     0x00000c69       0x58 .\CortexM3\ARM_GCC_541\Debug\FirstLab.a(Pin_SW2.o)
                                0x1f1 (size before relaxing)
 .debug_str     0x00000cc1       0x58 .\CortexM3\ARM_GCC_541\Debug\FirstLab.a(Pin_SW3.o)
                                0x1f1 (size before relaxing)
 .debug_str     0x00000d19       0x58 .\CortexM3\ARM_GCC_541\Debug\FirstLab.a(Pin_SW4.o)
                                0x1f1 (size before relaxing)
 .debug_str     0x00000d71      0x838 .\CortexM3\ARM_GCC_541\Debug\FirstLab.a(CyLib.o)
                                0xa4c (size before relaxing)
 .debug_str     0x000015a9      0x365 .\CortexM3\ARM_GCC_541\Debug\FirstLab.a(cyPm.o)
                                0x738 (size before relaxing)
 .debug_str     0x0000190e      0x18d .\CortexM3\ARM_GCC_541\Debug\FirstLab.a(LCD_Screen.o)
                                0x3bc (size before relaxing)
 .debug_str     0x00001a9b       0x4b .\CortexM3\ARM_GCC_541\Debug\FirstLab.a(COL1.o)
                                0x1e2 (size before relaxing)
 .debug_str     0x00001ae6       0x4b .\CortexM3\ARM_GCC_541\Debug\FirstLab.a(COL2.o)
                                0x1e2 (size before relaxing)
 .debug_str     0x00001b31       0x4b .\CortexM3\ARM_GCC_541\Debug\FirstLab.a(COL3.o)
                                0x1e2 (size before relaxing)
 .debug_str     0x00001b7c       0x4c .\CortexM3\ARM_GCC_541\Debug\FirstLab.a(ROW1.o)
                                0x1e2 (size before relaxing)
 .debug_str     0x00001bc8       0x4c .\CortexM3\ARM_GCC_541\Debug\FirstLab.a(ROW3.o)
                                0x1e2 (size before relaxing)
 .debug_str     0x00001c14       0x4c .\CortexM3\ARM_GCC_541\Debug\FirstLab.a(ROW2.o)
                                0x1e2 (size before relaxing)
 .debug_str     0x00001c60       0x4c .\CortexM3\ARM_GCC_541\Debug\FirstLab.a(ROW0.o)
                                0x1e2 (size before relaxing)
 .debug_str     0x00001cac      0x428 .\CortexM3\ARM_GCC_541\Debug\FirstLab.a(ADC_DelSig.o)
                                0x6ed (size before relaxing)
 .debug_str     0x000020d4       0x68 .\CortexM3\ARM_GCC_541\Debug\FirstLab.a(ADC_DelSig_INT.o)
                                0x1e8 (size before relaxing)
 .debug_str     0x0000213c       0x7b .\CortexM3\ARM_GCC_541\Debug\FirstLab.a(ADC_DelSig_AMux.o)
                                0x235 (size before relaxing)
 .debug_str     0x000021b7      0x1b3 .\CortexM3\ARM_GCC_541\Debug\FirstLab.a(ADC_DelSig_Ext_CP_Clk.o)
                                0x39b (size before relaxing)
 .debug_str     0x0000236a      0x1a3 .\CortexM3\ARM_GCC_541\Debug\FirstLab.a(ADC_DelSig_theACLK.o)
                                0x3c8 (size before relaxing)
 .debug_str     0x0000250d       0x31 .\CortexM3\ARM_GCC_541\Debug\FirstLab.a(AMux.o)
                                0x1ef (size before relaxing)
 .debug_str     0x0000253e      0x13d .\CortexM3\ARM_GCC_541\Debug\FirstLab.a(Timer.o)
                                0x2fa (size before relaxing)
 .debug_str     0x0000267b       0x80 .\CortexM3\ARM_GCC_541\Debug\FirstLab.a(VDAC.o)
                                0x21a (size before relaxing)
 .debug_str     0x000026fb      0x238 .\CortexM3\ARM_GCC_541\Debug\FirstLab.a(UART.o)
                                0x47a (size before relaxing)
 .debug_str     0x00002933      0x138 .\CortexM3\ARM_GCC_541\Debug\FirstLab.a(UART_IntClock.o)
                                0x33b (size before relaxing)
 .debug_str     0x00002a6b      0x153 .\CortexM3\ARM_GCC_541\Debug\FirstLab.a(PWM_1.o)
                                0x363 (size before relaxing)
 .debug_str     0x00002bbe      0x146 .\CortexM3\ARM_GCC_541\Debug\FirstLab.a(PWM_2.o)
                                0x363 (size before relaxing)
 .debug_str     0x00002d04       0xe5 .\CortexM3\ARM_GCC_541\Debug\FirstLab.a(Rx_Int.o)
                                0x2b9 (size before relaxing)
 .debug_str     0x00002de9      0x1bb .\CortexM3\ARM_GCC_541\Debug\FirstLab.a(CyFlash.o)
                                0x3c5 (size before relaxing)
 .debug_str     0x00002fa4       0xac .\CortexM3\ARM_GCC_541\Debug\FirstLab.a(CySpc.o)
                                0x33d (size before relaxing)

.debug_loc      0x00000000     0x3c49
 *(.debug_loc)
 .debug_loc     0x00000000       0xea .\CortexM3\ARM_GCC_541\Debug\main.o
 .debug_loc     0x000000ea      0x1c3 .\CortexM3\ARM_GCC_541\Debug\printer.o
 .debug_loc     0x000002ad      0x2f5 .\CortexM3\ARM_GCC_541\Debug\morse.o
 .debug_loc     0x000005a2      0x4ae .\CortexM3\ARM_GCC_541\Debug\translator.o
 .debug_loc     0x00000a50       0x13 .\CortexM3\ARM_GCC_541\Debug\lightsensor.o
 .debug_loc     0x00000a63       0x53 .\CortexM3\ARM_GCC_541\Debug\soundhandler.o
 .debug_loc     0x00000ab6       0xe1 .\CortexM3\ARM_GCC_541\Debug\semaphores.o
 .debug_loc     0x00000b97      0x2c7 .\CortexM3\ARM_GCC_541\Debug\cyfitter_cfg.o
 .debug_loc     0x00000e5e      0x144 .\CortexM3\ARM_GCC_541\Debug\Cm3Start.o
 .debug_loc     0x00000fa2       0x42 .\CortexM3\ARM_GCC_541\Debug\FirstLab.a(Pin_D1.o)
 .debug_loc     0x00000fe4       0x42 .\CortexM3\ARM_GCC_541\Debug\FirstLab.a(Pin_D2.o)
 .debug_loc     0x00001026       0x42 .\CortexM3\ARM_GCC_541\Debug\FirstLab.a(Pin_D3.o)
 .debug_loc     0x00001068       0x42 .\CortexM3\ARM_GCC_541\Debug\FirstLab.a(Pin_D4.o)
 .debug_loc     0x000010aa       0x42 .\CortexM3\ARM_GCC_541\Debug\FirstLab.a(Pin_SW1.o)
 .debug_loc     0x000010ec       0x42 .\CortexM3\ARM_GCC_541\Debug\FirstLab.a(Pin_SW2.o)
 .debug_loc     0x0000112e       0x42 .\CortexM3\ARM_GCC_541\Debug\FirstLab.a(Pin_SW3.o)
 .debug_loc     0x00001170       0x42 .\CortexM3\ARM_GCC_541\Debug\FirstLab.a(Pin_SW4.o)
 .debug_loc     0x000011b2      0xa11 .\CortexM3\ARM_GCC_541\Debug\FirstLab.a(CyLib.o)
 .debug_loc     0x00001bc3      0x1e4 .\CortexM3\ARM_GCC_541\Debug\FirstLab.a(cyPm.o)
 .debug_loc     0x00001da7      0x3c6 .\CortexM3\ARM_GCC_541\Debug\FirstLab.a(LCD_Screen.o)
 .debug_loc     0x0000216d       0x42 .\CortexM3\ARM_GCC_541\Debug\FirstLab.a(COL1.o)
 .debug_loc     0x000021af       0x42 .\CortexM3\ARM_GCC_541\Debug\FirstLab.a(COL2.o)
 .debug_loc     0x000021f1       0x42 .\CortexM3\ARM_GCC_541\Debug\FirstLab.a(COL3.o)
 .debug_loc     0x00002233       0x42 .\CortexM3\ARM_GCC_541\Debug\FirstLab.a(ROW1.o)
 .debug_loc     0x00002275       0x42 .\CortexM3\ARM_GCC_541\Debug\FirstLab.a(ROW3.o)
 .debug_loc     0x000022b7       0x42 .\CortexM3\ARM_GCC_541\Debug\FirstLab.a(ROW2.o)
 .debug_loc     0x000022f9       0x42 .\CortexM3\ARM_GCC_541\Debug\FirstLab.a(ROW0.o)
 .debug_loc     0x0000233b      0x68c .\CortexM3\ARM_GCC_541\Debug\FirstLab.a(ADC_DelSig.o)
 .debug_loc     0x000029c7       0x6c .\CortexM3\ARM_GCC_541\Debug\FirstLab.a(ADC_DelSig_AMux.o)
 .debug_loc     0x00002a33      0x12c .\CortexM3\ARM_GCC_541\Debug\FirstLab.a(ADC_DelSig_Ext_CP_Clk.o)
 .debug_loc     0x00002b5f      0x14d .\CortexM3\ARM_GCC_541\Debug\FirstLab.a(ADC_DelSig_theACLK.o)
 .debug_loc     0x00002cac       0x4b .\CortexM3\ARM_GCC_541\Debug\FirstLab.a(AMux.o)
 .debug_loc     0x00002cf7       0x79 .\CortexM3\ARM_GCC_541\Debug\FirstLab.a(VDAC.o)
 .debug_loc     0x00002d70      0x258 .\CortexM3\ARM_GCC_541\Debug\FirstLab.a(UART.o)
 .debug_loc     0x00002fc8      0x128 .\CortexM3\ARM_GCC_541\Debug\FirstLab.a(UART_IntClock.o)
 .debug_loc     0x000030f0       0x26 .\CortexM3\ARM_GCC_541\Debug\FirstLab.a(PWM_1.o)
 .debug_loc     0x00003116       0x26 .\CortexM3\ARM_GCC_541\Debug\FirstLab.a(PWM_2.o)
 .debug_loc     0x0000313c       0x56 .\CortexM3\ARM_GCC_541\Debug\FirstLab.a(Rx_Int.o)
 .debug_loc     0x00003192      0x3b2 .\CortexM3\ARM_GCC_541\Debug\FirstLab.a(CyFlash.o)
 .debug_loc     0x00003544      0x705 .\CortexM3\ARM_GCC_541\Debug\FirstLab.a(CySpc.o)

.debug_macinfo
 *(.debug_macinfo)

.debug_ranges   0x00000000      0xe88
 *(.debug_ranges)
 .debug_ranges  0x00000000       0x18 .\CortexM3\ARM_GCC_541\Debug\main.o
 .debug_ranges  0x00000018       0x18 .\CortexM3\ARM_GCC_541\Debug\keypad.o
 .debug_ranges  0x00000030       0x40 .\CortexM3\ARM_GCC_541\Debug\printer.o
 .debug_ranges  0x00000070       0x10 .\CortexM3\ARM_GCC_541\Debug\lighter.o
 .debug_ranges  0x00000080       0x60 .\CortexM3\ARM_GCC_541\Debug\morse.o
 .debug_ranges  0x000000e0       0x18 .\CortexM3\ARM_GCC_541\Debug\translator.o
 .debug_ranges  0x000000f8       0x10 .\CortexM3\ARM_GCC_541\Debug\lightsensor.o
 .debug_ranges  0x00000108       0x20 .\CortexM3\ARM_GCC_541\Debug\soundhandler.o
 .debug_ranges  0x00000128       0x50 .\CortexM3\ARM_GCC_541\Debug\semaphores.o
 .debug_ranges  0x00000178       0x68 .\CortexM3\ARM_GCC_541\Debug\cyfitter_cfg.o
 .debug_ranges  0x000001e0       0x38 .\CortexM3\ARM_GCC_541\Debug\Cm3Start.o
 .debug_ranges  0x00000218       0x28 .\CortexM3\ARM_GCC_541\Debug\FirstLab.a(Pin_D1.o)
 .debug_ranges  0x00000240       0x28 .\CortexM3\ARM_GCC_541\Debug\FirstLab.a(Pin_D2.o)
 .debug_ranges  0x00000268       0x28 .\CortexM3\ARM_GCC_541\Debug\FirstLab.a(Pin_D3.o)
 .debug_ranges  0x00000290       0x28 .\CortexM3\ARM_GCC_541\Debug\FirstLab.a(Pin_D4.o)
 .debug_ranges  0x000002b8       0x28 .\CortexM3\ARM_GCC_541\Debug\FirstLab.a(Pin_SW1.o)
 .debug_ranges  0x000002e0       0x28 .\CortexM3\ARM_GCC_541\Debug\FirstLab.a(Pin_SW2.o)
 .debug_ranges  0x00000308       0x28 .\CortexM3\ARM_GCC_541\Debug\FirstLab.a(Pin_SW3.o)
 .debug_ranges  0x00000330       0x28 .\CortexM3\ARM_GCC_541\Debug\FirstLab.a(Pin_SW4.o)
 .debug_ranges  0x00000358      0x290 .\CortexM3\ARM_GCC_541\Debug\FirstLab.a(CyLib.o)
 .debug_ranges  0x000005e8       0x88 .\CortexM3\ARM_GCC_541\Debug\FirstLab.a(cyPm.o)
 .debug_ranges  0x00000670       0x88 .\CortexM3\ARM_GCC_541\Debug\FirstLab.a(LCD_Screen.o)
 .debug_ranges  0x000006f8       0x28 .\CortexM3\ARM_GCC_541\Debug\FirstLab.a(COL1.o)
 .debug_ranges  0x00000720       0x28 .\CortexM3\ARM_GCC_541\Debug\FirstLab.a(COL2.o)
 .debug_ranges  0x00000748       0x28 .\CortexM3\ARM_GCC_541\Debug\FirstLab.a(COL3.o)
 .debug_ranges  0x00000770       0x28 .\CortexM3\ARM_GCC_541\Debug\FirstLab.a(ROW1.o)
 .debug_ranges  0x00000798       0x28 .\CortexM3\ARM_GCC_541\Debug\FirstLab.a(ROW3.o)
 .debug_ranges  0x000007c0       0x28 .\CortexM3\ARM_GCC_541\Debug\FirstLab.a(ROW2.o)
 .debug_ranges  0x000007e8       0x28 .\CortexM3\ARM_GCC_541\Debug\FirstLab.a(ROW0.o)
 .debug_ranges  0x00000810       0xd8 .\CortexM3\ARM_GCC_541\Debug\FirstLab.a(ADC_DelSig.o)
 .debug_ranges  0x000008e8       0x28 .\CortexM3\ARM_GCC_541\Debug\FirstLab.a(ADC_DelSig_INT.o)
 .debug_ranges  0x00000910       0x20 .\CortexM3\ARM_GCC_541\Debug\FirstLab.a(ADC_DelSig_AMux.o)
 .debug_ranges  0x00000930       0x60 .\CortexM3\ARM_GCC_541\Debug\FirstLab.a(ADC_DelSig_Ext_CP_Clk.o)
 .debug_ranges  0x00000990       0x70 .\CortexM3\ARM_GCC_541\Debug\FirstLab.a(ADC_DelSig_theACLK.o)
 .debug_ranges  0x00000a00       0x20 .\CortexM3\ARM_GCC_541\Debug\FirstLab.a(AMux.o)
 .debug_ranges  0x00000a20       0x78 .\CortexM3\ARM_GCC_541\Debug\FirstLab.a(Timer.o)
 .debug_ranges  0x00000a98       0x48 .\CortexM3\ARM_GCC_541\Debug\FirstLab.a(VDAC.o)
 .debug_ranges  0x00000ae0       0xe0 .\CortexM3\ARM_GCC_541\Debug\FirstLab.a(UART.o)
 .debug_ranges  0x00000bc0       0x60 .\CortexM3\ARM_GCC_541\Debug\FirstLab.a(UART_IntClock.o)
 .debug_ranges  0x00000c20       0x88 .\CortexM3\ARM_GCC_541\Debug\FirstLab.a(PWM_1.o)
 .debug_ranges  0x00000ca8       0x88 .\CortexM3\ARM_GCC_541\Debug\FirstLab.a(PWM_2.o)
 .debug_ranges  0x00000d30       0x70 .\CortexM3\ARM_GCC_541\Debug\FirstLab.a(Rx_Int.o)
 .debug_ranges  0x00000da0       0x78 .\CortexM3\ARM_GCC_541\Debug\FirstLab.a(CyFlash.o)
 .debug_ranges  0x00000e18       0x70 .\CortexM3\ARM_GCC_541\Debug\FirstLab.a(CySpc.o)

.comment        0x00000000       0x6e
 .comment       0x00000000       0x6e .\CortexM3\ARM_GCC_541\Debug\main.o
                                 0x6f (size before relaxing)
 .comment       0x0000006e       0x6f .\CortexM3\ARM_GCC_541\Debug\keypad.o
 .comment       0x0000006e       0x6f .\CortexM3\ARM_GCC_541\Debug\printer.o
 .comment       0x0000006e       0x6f .\CortexM3\ARM_GCC_541\Debug\lighter.o
 .comment       0x0000006e       0x6f .\CortexM3\ARM_GCC_541\Debug\morse.o
 .comment       0x0000006e       0x6f .\CortexM3\ARM_GCC_541\Debug\translator.o
 .comment       0x0000006e       0x6f .\CortexM3\ARM_GCC_541\Debug\lightsensor.o
 .comment       0x0000006e       0x6f .\CortexM3\ARM_GCC_541\Debug\soundhandler.o
 .comment       0x0000006e       0x6f .\CortexM3\ARM_GCC_541\Debug\semaphores.o
 .comment       0x0000006e       0x6f .\CortexM3\ARM_GCC_541\Debug\cyfitter_cfg.o
 .comment       0x0000006e       0x6f .\CortexM3\ARM_GCC_541\Debug\cymetadata.o
 .comment       0x0000006e       0x6f .\CortexM3\ARM_GCC_541\Debug\Cm3Start.o
 .comment       0x0000006e       0x6f .\CortexM3\ARM_GCC_541\Debug\FirstLab.a(Pin_D1.o)
 .comment       0x0000006e       0x6f .\CortexM3\ARM_GCC_541\Debug\FirstLab.a(Pin_D2.o)
 .comment       0x0000006e       0x6f .\CortexM3\ARM_GCC_541\Debug\FirstLab.a(Pin_D3.o)
 .comment       0x0000006e       0x6f .\CortexM3\ARM_GCC_541\Debug\FirstLab.a(Pin_D4.o)
 .comment       0x0000006e       0x6f .\CortexM3\ARM_GCC_541\Debug\FirstLab.a(Pin_SW1.o)
 .comment       0x0000006e       0x6f .\CortexM3\ARM_GCC_541\Debug\FirstLab.a(Pin_SW2.o)
 .comment       0x0000006e       0x6f .\CortexM3\ARM_GCC_541\Debug\FirstLab.a(Pin_SW3.o)
 .comment       0x0000006e       0x6f .\CortexM3\ARM_GCC_541\Debug\FirstLab.a(Pin_SW4.o)
 .comment       0x0000006e       0x6f .\CortexM3\ARM_GCC_541\Debug\FirstLab.a(CyLib.o)
 .comment       0x0000006e       0x6f .\CortexM3\ARM_GCC_541\Debug\FirstLab.a(cyPm.o)
 .comment       0x0000006e       0x6f .\CortexM3\ARM_GCC_541\Debug\FirstLab.a(LCD_Screen.o)
 .comment       0x0000006e       0x6f .\CortexM3\ARM_GCC_541\Debug\FirstLab.a(COL1.o)
 .comment       0x0000006e       0x6f .\CortexM3\ARM_GCC_541\Debug\FirstLab.a(COL2.o)
 .comment       0x0000006e       0x6f .\CortexM3\ARM_GCC_541\Debug\FirstLab.a(COL3.o)
 .comment       0x0000006e       0x6f .\CortexM3\ARM_GCC_541\Debug\FirstLab.a(ROW1.o)
 .comment       0x0000006e       0x6f .\CortexM3\ARM_GCC_541\Debug\FirstLab.a(ROW3.o)
 .comment       0x0000006e       0x6f .\CortexM3\ARM_GCC_541\Debug\FirstLab.a(ROW2.o)
 .comment       0x0000006e       0x6f .\CortexM3\ARM_GCC_541\Debug\FirstLab.a(ROW0.o)
 .comment       0x0000006e       0x6f .\CortexM3\ARM_GCC_541\Debug\FirstLab.a(ADC_DelSig.o)
 .comment       0x0000006e       0x6f .\CortexM3\ARM_GCC_541\Debug\FirstLab.a(ADC_DelSig_INT.o)
 .comment       0x0000006e       0x6f .\CortexM3\ARM_GCC_541\Debug\FirstLab.a(ADC_DelSig_AMux.o)
 .comment       0x0000006e       0x6f .\CortexM3\ARM_GCC_541\Debug\FirstLab.a(ADC_DelSig_Ext_CP_Clk.o)
 .comment       0x0000006e       0x6f .\CortexM3\ARM_GCC_541\Debug\FirstLab.a(ADC_DelSig_theACLK.o)
 .comment       0x0000006e       0x6f .\CortexM3\ARM_GCC_541\Debug\FirstLab.a(AMux.o)
 .comment       0x0000006e       0x6f .\CortexM3\ARM_GCC_541\Debug\FirstLab.a(Timer.o)
 .comment       0x0000006e       0x6f .\CortexM3\ARM_GCC_541\Debug\FirstLab.a(VDAC.o)
 .comment       0x0000006e       0x6f .\CortexM3\ARM_GCC_541\Debug\FirstLab.a(UART.o)
 .comment       0x0000006e       0x6f .\CortexM3\ARM_GCC_541\Debug\FirstLab.a(UART_IntClock.o)
 .comment       0x0000006e       0x6f .\CortexM3\ARM_GCC_541\Debug\FirstLab.a(PWM_1.o)
 .comment       0x0000006e       0x6f .\CortexM3\ARM_GCC_541\Debug\FirstLab.a(PWM_2.o)